Expected optimal value: 6902235.9995
Solution({
  optimal value: +0.0,
  solution: Map({
    "AA1AB1": +0.0,
    "AA2AB2": +0.0,
    "AB1AC1": +0.0,
    "AB2AC2": +0.0,
    "AC1AH1": +0.0,
    "AC2AH2": +0.0,
    "AD1AC1": +0.0,
    "AD2AC2": +0.0,
    "AE1AD1": +0.0,
    "AE2AD2": +0.0,
    "AF1AE1": +0.0,
    "AF2AE2": +0.0,
    "AG1AD1": +0.0,
    "AG2AD2": +0.0,
    "AH1AI1": +0.0,
    "AH2AI2": +0.0,
    "AI1BA1": +0.0,
    "AI1DZ1": +0.0,
    "AI2BA2": +0.0,
    "AI2DZ2": +0.0,
    "BA1AI1": +0.0,
    "BA1CF1": +0.0,
    "BA2AI2": +0.0,
    "BA2CF2": +0.0,
    "BB1BA1": +0.0,
    "BB2BA2": +0.0,
    "CA1AF1": +0.0,
    "CA2AF2": +0.0,
    "CC1BB1": +0.0,
    "CC2BB2": +0.0,
    "CD1CC1": +0.0,
    "CD2CC2": +0.0,
    "CE1CD1": +0.0,
    "CE2CD2": +0.0,
    "CF1BA1": +0.0,
    "CF1CH1": +0.0,
    "CF2BA2": +0.0,
    "CF2CH2": +0.0,
    "CG1CF1": +0.0,
    "CG2CF2": +0.0,
    "CH1CF1": +0.0,
    "CH1CI1": +0.0,
    "CH1CJ1": +0.0,
    "CH2CF2": +0.0,
    "CH2CI2": +0.0,
    "CH2CJ2": +0.0,
    "CI1CH1": +0.0,
    "CI1EV1": +0.0,
    "CI2CH2": +0.0,
    "CI2EV2": +0.0,
    "CJ1CH1": +0.0,
    "CJ1EA1": +0.0,
    "CJ2CH2": +0.0,
    "CJ2EA2": +0.0,
    "EA1CJ1": +0.0,
    "EA1EC1": +0.0,
    "EA2CJ2": +0.0,
    "EA2EC2": +0.0,
    "EB1EA1": +0.0,
    "EB2EA2": +0.0,
    "EC1EA1": +0.0,
    "EC1ED1": +0.0,
    "EC1EE1": +0.0,
    "EC2EA2": +0.0,
    "EC2ED2": +0.0,
    "EC2EE2": +0.0,
    "ED1EC1": +0.0,
    "ED1FH1": +0.0,
    "ED2EC2": +0.0,
    "ED2FH2": +0.0,
    "EE1EC1": +0.0,
    "EE1EF1": +0.0,
    "EE1EK1": +0.0,
    "EE2EC2": +0.0,
    "EE2EF2": +0.0,
    "EE2EK2": +0.0,
    "EF1EE1": +0.0,
    "EF1EH1": +0.0,
    "EF2EE2": +0.0,
    "EF2EH2": +0.0,
    "EG1EF1": +0.0,
    "EG2EF2": +0.0,
    "EH1EF1": +0.0,
    "EH1FK1": +0.0,
    "EH2EF2": +0.0,
    "EH2FK2": +0.0,
    "EI1EH1": +0.0,
    "EI2EH2": +0.0,
    "EJ1EI1": +0.0,
    "EJ2EI2": +0.0,
    "EK1EE1": +0.0,
    "EK1EL1": +0.0,
    "EK2EE2": +0.0,
    "EK2EL2": +0.0,
    "EL1EK1": +0.0,
    "EL1EM1": +0.0,
    "EL1ER1": +0.0,
    "EL2EK2": +0.0,
    "EL2EM2": +0.0,
    "EL2ER2": +0.0,
    "EM1EL1": +0.0,
    "EM1EN1": +0.0,
    "EM2EL2": +0.0,
    "EM2EN2": +0.0,
    "EN1EM1": +0.0,
    "EN1EP1": +0.0,
    "EN2EM2": +0.0,
    "EN2EP2": +0.0,
    "EP1EN1": +0.0,
    "EP1EQ1": +0.0,
    "EP2EN2": +0.0,
    "EP2EQ2": +0.0,
    "EQ1EP1": +0.0,
    "EQ1FG1": +0.0,
    "EQ2EP2": +0.0,
    "EQ2FG2": +0.0,
    "ER1EL1": +0.0,
    "ER1ES1": +0.0,
    "ER2EL2": +0.0,
    "ER2ES2": +0.0,
    "ES1ER1": +0.0,
    "ES1ET1": +0.0,
    "ES2ER2": +0.0,
    "ES2ET2": +0.0,
    "ET1ES1": +0.0,
    "ET1EU1": +0.0,
    "ET2ES2": +0.0,
    "ET2EU2": +0.0,
    "EU1ET1": +0.0,
    "EU1KA1": +0.0,
    "EU2ET2": +0.0,
    "EU2KA2": +0.0,
    "EV1CI1": +0.0,
    "EV1FC1": +0.0,
    "EV2CI2": +0.0,
    "EV2FC2": +0.0,
    "EW1EN1": +0.0,
    "EW2EN2": +0.0,
    "F11F21": +0.0,
    "F12F22": +0.0,
    "F21F31": +0.0,
    "F22F32": +0.0,
    "F31F41": +0.0,
    "F31LA1": +0.0,
    "F32F42": +0.0,
    "F32LA2": +0.0,
    "F41F31": +0.0,
    "F41F51": +0.0,
    "F42F32": +0.0,
    "F42F52": +0.0,
    "F51F41": +0.0,
    "F51NA1": +0.0,
    "F52F42": +0.0,
    "F52NA2": +0.0,
    "F71F81": +0.0,
    "F71KE1": +0.0,
    "F72F82": +0.0,
    "F72KE2": +0.0,
    "F81F71": +0.0,
    "F81KH1": +0.0,
    "F82F72": +0.0,
    "F82KH2": +0.0,
    "F91F81": +0.0,
    "F92F82": +0.0,
    "FA1GA1": +0.0,
    "FA2GA2": +0.0,
    "FB1AA1": +0.0,
    "FB2AA2": +0.0,
    "FC1EV1": +0.0,
    "FC1FD1": +0.0,
    "FC2EV2": +0.0,
    "FC2FD2": +0.0,
    "FD1FC1": +0.0,
    "FD1FE1": +0.0,
    "FD2FC2": +0.0,
    "FD2FE2": +0.0,
    "FE1FD1": +0.0,
    "FE1FF1": +0.0,
    "FE2FD2": +0.0,
    "FE2FF2": +0.0,
    "FF1FE1": +0.0,
    "FF1FG1": +0.0,
    "FF2FE2": +0.0,
    "FF2FG2": +0.0,
    "FG1EQ1": +0.0,
    "FG1FF1": +0.0,
    "FG2EQ2": +0.0,
    "FG2FF2": +0.0,
    "FH1ED1": +0.0,
    "FH1FI1": +0.0,
    "FH2ED2": +0.0,
    "FH2FI2": +0.0,
    "FI1FH1": +0.0,
    "FI1FJ1": +0.0,
    "FI2FH2": +0.0,
    "FI2FJ2": +0.0,
    "FJ1FI1": +0.0,
    "FJ1FK1": +0.0,
    "FJ2FI2": +0.0,
    "FJ2FK2": +0.0,
    "FK1EH1": +0.0,
    "FK1FJ1": +0.0,
    "FK2EH2": +0.0,
    "FK2FJ2": +0.0,
    "FL1FC1": +0.0,
    "FL2FC2": +0.0,
    "FM1FL1": +0.0,
    "FM2FL2": +0.0,
    "FN1GC1": +0.0,
    "FN2GC2": +0.0,
    "FO1CA1": +0.0,
    "FO2CA2": +0.0,
    "FP1FN1": +0.0,
    "FP2FN2": +0.0,
    "FQ1FP1": +0.0,
    "FQ2FP2": +0.0,
    "FR1FQ1": +0.0,
    "FR2FQ2": +0.0,
    "FS1FR1": +0.0,
    "FS2FR2": +0.0,
    "FT1FU1": +0.0,
    "FT2FU2": +0.0,
    "FU1HX1": +0.0,
    "FU2HX2": +0.0,
    "FV1FW1": +0.0,
    "FV2FW2": +0.0,
    "FW1HZ1": +0.0,
    "FW2HZ2": +0.0,
    "FX1HE1": +0.0,
    "FX1HM1": +0.0,
    "FX2HE2": +0.0,
    "FX2HM2": +0.0,
    "FY1FZ1": +0.0,
    "FY2FZ2": +0.0,
    "FZ1LA1": +0.0,
    "FZ2LA2": +0.0,
    "GA1FB1": +0.0,
    "GA2FB2": +0.0,
    "GB1FO1": +0.0,
    "GB2FO2": +0.0,
    "GC1GB1": +0.0,
    "GC2GB2": +0.0,
    "H11HE1": +0.0,
    "H11IA1": +0.0,
    "H12HE2": +0.0,
    "H12IA2": +0.0,
    "H21JC1": +0.0,
    "H22JC2": +0.0,
    "HA1FA1": +0.0,
    "HA1YZ1": +0.0,
    "HA2FA2": +0.0,
    "HA2YZ2": +0.0,
    "HB1FA1": +0.0,
    "HB2FA2": +0.0,
    "HC1HB1": +0.0,
    "HC2HB2": +0.0,
    "HD1HC1": +0.0,
    "HD2HC2": +0.0,
    "HE1FX1": +0.0,
    "HE1H11": +0.0,
    "HE2FX2": +0.0,
    "HE2H12": +0.0,
    "HF1H11": +0.0,
    "HF2H12": +0.0,
    "HG1HF1": +0.0,
    "HG2HF2": +0.0,
    "HH1HG1": +0.0,
    "HH2HG2": +0.0,
    "HI1HH1": +0.0,
    "HI2HH2": +0.0,
    "HJ1HI1": +0.0,
    "HJ2HI2": +0.0,
    "HK1HJ1": +0.0,
    "HK2HJ2": +0.0,
    "HL1H21": +0.0,
    "HL2H22": +0.0,
    "HM1FX1": +0.0,
    "HM1HN1": +0.0,
    "HM2FX2": +0.0,
    "HM2HN2": +0.0,
    "HN1HM1": +0.0,
    "HN1HP1": +0.0,
    "HN2HM2": +0.0,
    "HN2HP2": +0.0,
    "HP1HN1": +0.0,
    "HP1HQ1": +0.0,
    "HP2HN2": +0.0,
    "HP2HQ2": +0.0,
    "HQ1HP1": +0.0,
    "HQ1HR1": +0.0,
    "HQ2HP2": +0.0,
    "HQ2HR2": +0.0,
    "HR1HQ1": +0.0,
    "HR1HS1": +0.0,
    "HR2HQ2": +0.0,
    "HR2HS2": +0.0,
    "HS1HR1": +0.0,
    "HS1HT1": +0.0,
    "HS2HR2": +0.0,
    "HS2HT2": +0.0,
    "HT1HS1": +0.0,
    "HT1SQ1": +0.0,
    "HT2HS2": +0.0,
    "HT2SQ2": +0.0,
    "HU1SR1": +0.0,
    "HU2SR2": +0.0,
    "HV1HW1": +0.0,
    "HV2HW2": +0.0,
    "HW1QA1": +0.0,
    "HW1SN1": +0.0,
    "HW2QA2": +0.0,
    "HW2SN2": +0.0,
    "HX1HY1": +0.0,
    "HX2HY2": +0.0,
    "HY1FV1": +0.0,
    "HY2FV2": +0.0,
    "HZ1FX1": +0.0,
    "HZ2FX2": +0.0,
    "IA1HD1": +0.0,
    "IA2HD2": +0.0,
    "JA1HK1": +0.0,
    "JA2HK2": +0.0,
    "JB1JA1": +0.0,
    "JB2JA2": +0.0,
    "JC1JB1": +0.0,
    "JC2JB2": +0.0,
    "KA1EU1": +0.0,
    "KA1KB1": +0.0,
    "KA2EU2": +0.0,
    "KA2KB2": +0.0,
    "KB1KA1": +0.0,
    "KB1LA1": +0.0,
    "KB2KA2": +0.0,
    "KB2LA2": +0.0,
    "KC1KD1": +0.0,
    "KC1MA1": +0.0,
    "KC2KD2": +0.0,
    "KC2MA2": +0.0,
    "KD1KC1": +0.0,
    "KD1KE1": +0.0,
    "KD2KC2": +0.0,
    "KD2KE2": +0.0,
    "KE1F71": +0.0,
    "KE1KD1": +0.0,
    "KE2F72": +0.0,
    "KE2KD2": +0.0,
    "KF1MB1": +0.0,
    "KF2MB2": +0.0,
    "KG1MD1": +0.0,
    "KG2MD2": +0.0,
    "KH1F81": +0.0,
    "KH1PA1": +0.0,
    "KH2F82": +0.0,
    "KH2PA2": +0.0,
    "KI1EU1": +0.0,
    "KI2EU2": +0.0,
    "LA1F31": +0.0,
    "LA1KB1": +0.0,
    "LA2F32": +0.0,
    "LA2KB2": +0.0,
    "LB1KB1": +0.0,
    "LB2KB2": +0.0,
    "LC1LB1": +0.0,
    "LC2LB2": +0.0,
    "MA1KC1": +0.0,
    "MA1KI1": +0.0,
    "MA2KC2": +0.0,
    "MA2KI2": +0.0,
    "MB1MA1": +0.0,
    "MB2MA2": +0.0,
    "MC1MB1": +0.0,
    "MC2MB2": +0.0,
    "MD1MC1": +0.0,
    "MD2MC2": +0.0,
    "MILL1": +70000.00000,
    "MILL2": +70000.00000,
    "NA1F51": +0.0,
    "NA1QA1": +0.0,
    "NA2F52": +0.0,
    "NA2QA2": +0.0,
    "NB1NC1": +0.0,
    "NB2NC2": +0.0,
    "NC1ND1": +0.0,
    "NC1SL1": +0.0,
    "NC2ND2": +0.0,
    "NC2SL2": +0.0,
    "ND1F91": +0.0,
    "ND2F92": +0.0,
    "P1AF": +0.0,
    "P1AG": +0.0,
    "P1BB": +0.0,
    "P1CE": +0.0,
    "P1CF": +0.0,
    "P1CG": +0.0,
    "P1EB": +0.0,
    "P1EE": +0.0,
    "P1EG": +0.0,
    "P1EH": +0.0,
    "P1EK": +0.0,
    "P1EM": +0.0,
    "P1EN": +0.0,
    "P1EQ": +0.0,
    "P1ES": +0.0,
    "P1ET": +0.0,
    "P1EU": +0.0,
    "P1EV": +0.0,
    "P1EW": +0.0,
    "P1F2": +0.0,
    "P1F3": +0.0,
    "P1F8": +0.0,
    "P1FA": +0.0,
    "P1FH": +0.0,
    "P1FJ": +0.0,
    "P1FL": +0.0,
    "P1FM": +0.0,
    "P1FN": +0.0,
    "P1FO": +0.0,
    "P1FR": +0.0,
    "P1FS": +0.0,
    "P1FT": +0.0,
    "P1FU": +0.0,
    "P1FV": +0.0,
    "P1FW": +0.0,
    "P1FX": +0.0,
    "P1FZ": +0.0,
    "P1GA": +0.0,
    "P1GB": +0.0,
    "P1GC": +0.0,
    "P1H1": +0.0,
    "P1H2": +0.0,
    "P1HA": +0.0,
    "P1HB": +0.0,
    "P1HC": +0.0,
    "P1HD": +0.0,
    "P1HG": +0.0,
    "P1HL": +0.0,
    "P1HP": +0.0,
    "P1HS": +0.0,
    "P1HT": +0.0,
    "P1HU": +0.0,
    "P1HV": +0.0,
    "P1HY": +0.0,
    "P1HZ": +0.0,
    "P1IA": +0.0,
    "P1JB": +0.0,
    "P1KB": +0.0,
    "P1KD": +0.0,
    "P1KE": +0.0,
    "P1KF": +0.0,
    "P1KG": +0.0,
    "P1KI": +0.0,
    "P1LB": +0.0,
    "P1LC": +0.0,
    "P1MA": +0.0,
    "P1MC": +0.0,
    "P1ND": +0.0,
    "P1PA": +0.0,
    "P1QC": +0.0,
    "P1RA": +0.0,
    "P1RC": +0.0,
    "P1SB": +0.0,
    "P1SD": +0.0,
    "P1SJ": +0.0,
    "P1SN": +0.0,
    "P1SQ": +0.0,
    "P1ST": +0.0,
    "P1SU": +0.0,
    "P1SV": +0.0,
    "P1SX": +0.0,
    "P1T2": +0.0,
    "P1T3": +0.0,
    "P1T4": +0.0,
    "P1T5": +0.0,
    "P1T6": +0.0,
    "P1T7": +0.0,
    "P1TA": +0.0,
    "P1TC": +0.0,
    "P1TF": +0.0,
    "P1TH": +0.0,
    "P1TI": +0.0,
    "P1TJ": +0.0,
    "P1TK": +0.0,
    "P1TL": +0.0,
    "P1TN": +0.0,
    "P1TQ": +0.0,
    "P1TT": +0.0,
    "P1TZ": +0.0,
    "P1UA": +0.0,
    "P1WA": +0.0,
    "P1WB": +0.0,
    "P1WD": +0.0,
    "P1WE": +0.0,
    "P1X2": +0.0,
    "P1X8": +0.0,
    "P1XB": +0.0,
    "P1XF": +0.0,
    "P1XI": +0.0,
    "P1XJ": +0.0,
    "P1XL": +0.0,
    "P1XN": +0.0,
    "P1XP": +0.0,
    "P1XT": +0.0,
    "P1YA": +0.0,
    "P1YB": +0.0,
    "P1YD": +0.0,
    "P1YE": +0.0,
    "P1YI": +0.0,
    "P1YM": +0.0,
    "P1YQ": +0.0,
    "P1YR": +0.0,
    "P1YS": +0.0,
    "P1YU": +0.0,
    "P1ZD": +0.0,
    "P1ZI": +0.0,
    "P1ZM": +0.0,
    "P1ZU": +0.0,
    "P1ZX": +0.0,
    "P2AF": +0.0,
    "P2EE": +0.0,
    "P2EH": +0.0,
    "P2EK": +0.0,
    "P2EM": +0.0,
    "P2EN": +0.0,
    "P2EQ": +0.0,
    "P2ES": +0.0,
    "P2ET": +0.0,
    "P2EU": +0.0,
    "P2EW": +0.0,
    "P2F2": +0.0,
    "P2F8": +0.0,
    "P2FA": +0.0,
    "P2FL": +0.0,
    "P2FS": +0.0,
    "P2FV": +0.0,
    "P2FX": +0.0,
    "P2FZ": +0.0,
    "P2GB": +0.0,
    "P2H1": +0.0,
    "P2HA": +0.0,
    "P2HB": +0.0,
    "P2HC": +0.0,
    "P2HD": +0.0,
    "P2HG": +0.0,
    "P2HP": +0.0,
    "P2HS": +0.0,
    "P2HT": +0.0,
    "P2HU": +0.0,
    "P2HY": +0.0,
    "P2KB": +0.0,
    "P2KD": +0.0,
    "P2KG": +0.0,
    "P2KI": +0.0,
    "P2LC": +0.0,
    "P2MA": +0.0,
    "P2MC": +0.0,
    "P2ND": +0.0,
    "P2SB": +0.0,
    "P2SJ": +0.0,
    "P2SN": +0.0,
    "P2SU": +0.0,
    "P2TA": +0.0,
    "P2TC": +0.0,
    "P2TF": +0.0,
    "P2TH": +0.0,
    "P2TI": +0.0,
    "P2TK": +0.0,
    "P2UA": +0.0,
    "P2WA": +0.0,
    "P2WB": +0.0,
    "P2WD": +0.0,
    "P2WE": +0.0,
    "P2XF": +0.0,
    "P2XI": +0.0,
    "P2XJ": +0.0,
    "P2XL": +0.0,
    "P2XN": +0.0,
    "P2YI": +0.0,
    "P2YM": +0.0,
    "P2YR": +0.0,
    "P2YS": +0.0,
    "P2YU": +0.0,
    "P2ZD": +0.0,
    "P2ZI": +0.0,
    "P2ZM": +0.0,
    "P2ZX": +0.0,
    "P3EE": +0.0,
    "P3EH": +0.0,
    "P3ES": +0.0,
    "P3EU": +0.0,
    "P3EW": +0.0,
    "P3FS": +0.0,
    "P3FV": +0.0,
    "P3H1": +0.0,
    "P3HB": +0.0,
    "P3HC": +0.0,
    "P3HD": +0.0,
    "P3HY": +0.0,
    "P3KB": +0.0,
    "P3KD": +0.0,
    "P3KG": +0.0,
    "P3LC": +0.0,
    "P3TH": +0.0,
    "P3TI": +0.0,
    "P3WA": +0.0,
    "P3WB": +0.0,
    "P3WE": +0.0,
    "P3YR": +0.0,
    "P3YS": +0.0,
    "P3YU": +0.0,
    "P4EE": +0.0,
    "P4EH": +0.0,
    "P4ES": +0.0,
    "P4EU": +0.0,
    "P4EW": +0.0,
    "P4FS": +0.0,
    "P4FV": +0.0,
    "P4H1": +0.0,
    "P4HC": +0.0,
    "P4HD": +0.0,
    "P4HY": +0.0,
    "P4KB": +0.0,
    "P4KD": +0.0,
    "P4KG": +0.0,
    "P4LC": +0.0,
    "P4TH": +0.0,
    "P4TI": +0.0,
    "P4WA": +0.0,
    "P4WB": +0.0,
    "P4WE": +0.0,
    "P4YR": +0.0,
    "P4YS": +0.0,
    "P4YU": +0.0,
    "P5EE": +0.0,
    "P5EH": +0.0,
    "P5ES": +0.0,
    "P5EU": +0.0,
    "P5KG": +0.0,
    "P5WE": +0.0,
    "P6EE": +0.0,
    "P6EH": +0.0,
    "P6ES": +0.0,
    "P6EU": +0.0,
    "P6KG": +0.0,
    "P6WE": +0.0,
    "PA1KH1": +0.0,
    "PA1SK1": +0.0,
    "PA2KH2": +0.0,
    "PA2SK2": +0.0,
    "QA1HW1": +0.0,
    "QA1NA1": +0.0,
    "QA2HW2": +0.0,
    "QA2NA2": +0.0,
    "QC1NB1": +0.0,
    "QC2NB2": +0.0,
    "RA1SS1": +0.0,
    "RA2SS2": +0.0,
    "RB1SW1": +0.0,
    "RB2SW2": +0.0,
    "RC1RB1": +0.0,
    "RC2RB2": +0.0,
    "SA1KG1": +0.0,
    "SA2KG2": +0.0,
    "SB1SA1": +0.0,
    "SB2SA2": +0.0,
    "SC1SB1": +0.0,
    "SC2SB2": +0.0,
    "SD1SC1": +0.0,
    "SD2SC2": +0.0,
    "SE1SC1": +0.0,
    "SE2SC2": +0.0,
    "SF1SA1": +0.0,
    "SF2SA2": +0.0,
    "SG1SF1": +0.0,
    "SG2SF2": +0.0,
    "SH1SI1": +0.0,
    "SH1TA1": +0.0,
    "SH2SI2": +0.0,
    "SH2TA2": +0.0,
    "SI1SH1": +0.0,
    "SI1SJ1": +0.0,
    "SI2SH2": +0.0,
    "SI2SJ2": +0.0,
    "SJ1SI1": +0.0,
    "SJ1SK1": +0.0,
    "SJ2SI2": +0.0,
    "SJ2SK2": +0.0,
    "SK1PA1": +0.0,
    "SK1SJ1": +0.0,
    "SK1SL1": +0.0,
    "SK2PA2": +0.0,
    "SK2SJ2": +0.0,
    "SK2SL2": +0.0,
    "SL1NC1": +0.0,
    "SL1SK1": +0.0,
    "SL2NC2": +0.0,
    "SL2SK2": +0.0,
    "SM1SN1": +0.0,
    "SM1TP1": +0.0,
    "SM2SN2": +0.0,
    "SM2TP2": +0.0,
    "SN1HW1": +0.0,
    "SN1SM1": +0.0,
    "SN1SP1": +0.0,
    "SN2HW2": +0.0,
    "SN2SM2": +0.0,
    "SN2SP2": +0.0,
    "SP1SN1": +0.0,
    "SP1SQ1": +0.0,
    "SP2SN2": +0.0,
    "SP2SQ2": +0.0,
    "SQ1HT1": +0.0,
    "SQ1SP1": +0.0,
    "SQ2HT2": +0.0,
    "SQ2SP2": +0.0,
    "SR1RA1": +0.0,
    "SR2RA2": +0.0,
    "SS1ST1": +0.0,
    "SS2ST2": +0.0,
    "ST1SU1": +0.0,
    "ST2SU2": +0.0,
    "SU1TT1": +0.0,
    "SU2TT2": +0.0,
    "SV1TT1": +0.0,
    "SV2TT2": +0.0,
    "SW1YG1": +0.0,
    "SW2YG2": +0.0,
    "SX1SY1": +0.0,
    "SX1T11": +0.0,
    "SX2SY2": +0.0,
    "SX2T12": +0.0,
    "SY1SX1": +0.0,
    "SY1YK1": +0.0,
    "SY1ZA1": +0.0,
    "SY2SX2": +0.0,
    "SY2YK2": +0.0,
    "SY2ZA2": +0.0,
    "T11SX1": +0.0,
    "T11TZ1": +0.0,
    "T11ZF1": +0.0,
    "T12SX2": +0.0,
    "T12TZ2": +0.0,
    "T12ZF2": +0.0,
    "T21SX1": +0.0,
    "T22SX2": +0.0,
    "T31T41": +0.0,
    "T31X11": +0.0,
    "T32T42": +0.0,
    "T32X12": +0.0,
    "T41T31": +0.0,
    "T41T71": +0.0,
    "T42T32": +0.0,
    "T42T72": +0.0,
    "T51T41": +0.0,
    "T52T42": +0.0,
    "T61T51": +0.0,
    "T62T52": +0.0,
    "T71T41": +0.0,
    "T71X81": +0.0,
    "T72T42": +0.0,
    "T72X82": +0.0,
    "TA1SH1": +0.0,
    "TA1TB1": +0.0,
    "TA2SH2": +0.0,
    "TA2TB2": +0.0,
    "TB1TA1": +0.0,
    "TB1TC1": +0.0,
    "TB2TA2": +0.0,
    "TB2TC2": +0.0,
    "TC1TB1": +0.0,
    "TC1TD1": +0.0,
    "TC2TB2": +0.0,
    "TC2TD2": +0.0,
    "TD1TC1": +0.0,
    "TD1XA1": +0.0,
    "TD2TC2": +0.0,
    "TD2XA2": +0.0,
    "TE1XB1": +0.0,
    "TE2XB2": +0.0,
    "TF1TE1": +0.0,
    "TF2TE2": +0.0,
    "TG1TF1": +0.0,
    "TG2TF2": +0.0,
    "TH1TG1": +0.0,
    "TH2TG2": +0.0,
    "TI1TH1": +0.0,
    "TI2TH2": +0.0,
    "TJ1TI1": +0.0,
    "TJ2TI2": +0.0,
    "TK1TG1": +0.0,
    "TK2TG2": +0.0,
    "TL1TK1": +0.0,
    "TL2TK2": +0.0,
    "TM1TK1": +0.0,
    "TM2TK2": +0.0,
    "TN1TM1": +0.0,
    "TN2TM2": +0.0,
    "TP1SM1": +0.0,
    "TP1TQ1": +0.0,
    "TP2SM2": +0.0,
    "TP2TQ2": +0.0,
    "TQ1TP1": +0.0,
    "TQ1TR1": +0.0,
    "TQ2TP2": +0.0,
    "TQ2TR2": +0.0,
    "TR1TQ1": +0.0,
    "TR1TS1": +0.0,
    "TR2TQ2": +0.0,
    "TR2TS2": +0.0,
    "TS1TR1": +0.0,
    "TS1TV1": +0.0,
    "TS2TR2": +0.0,
    "TS2TV2": +0.0,
    "TT1TU1": +0.0,
    "TT2TU2": +0.0,
    "TU1TV1": +0.0,
    "TU2TV2": +0.0,
    "TV1TS1": +0.0,
    "TV1TW1": +0.0,
    "TV2TS2": +0.0,
    "TV2TW2": +0.0,
    "TW1TV1": +0.0,
    "TW1TX1": +0.0,
    "TW2TV2": +0.0,
    "TW2TX2": +0.0,
    "TX1TW1": +0.0,
    "TX1TY1": +0.0,
    "TX2TW2": +0.0,
    "TX2TY2": +0.0,
    "TY1TX1": +0.0,
    "TY1TZ1": +0.0,
    "TY2TX2": +0.0,
    "TY2TZ2": +0.0,
    "TZ1T11": +0.0,
    "TZ1TY1": +0.0,
    "TZ2T12": +0.0,
    "TZ2TY2": +0.0,
    "UA1YS1": +0.0,
    "UA2YS2": +0.0,
    "VA1WA1": +0.0,
    "VA2WA2": +0.0,
    "WA1ZY1": +0.0,
    "WA2ZY2": +0.0,
    "WB1VA1": +0.0,
    "WB2VA2": +0.0,
    "WD1ZZ1": +0.0,
    "WD2ZZ2": +0.0,
    "WE1WD1": +0.0,
    "WE2WD2": +0.0,
    "X11T31": +0.0,
    "X11X21": +0.0,
    "X12T32": +0.0,
    "X12X22": +0.0,
    "X21X11": +0.0,
    "X21XV1": +0.0,
    "X21ZK1": +0.0,
    "X22X12": +0.0,
    "X22XV2": +0.0,
    "X22ZK2": +0.0,
    "X31X81": +0.0,
    "X31XF1": +0.0,
    "X32X82": +0.0,
    "X32XF2": +0.0,
    "X81T71": +0.0,
    "X81X31": +0.0,
    "X82T72": +0.0,
    "X82X32": +0.0,
    "XA1TD1": +0.0,
    "XA1XC1": +0.0,
    "XA2TD2": +0.0,
    "XA2XC2": +0.0,
    "XB1XA1": +0.0,
    "XB2XA2": +0.0,
    "XC1XA1": +0.0,
    "XC1XD1": +0.0,
    "XC2XA2": +0.0,
    "XC2XD2": +0.0,
    "XD1XC1": +0.0,
    "XD1XE1": +0.0,
    "XD2XC2": +0.0,
    "XD2XE2": +0.0,
    "XE1XD1": +0.0,
    "XE1XF1": +0.0,
    "XE1XH1": +0.0,
    "XE2XD2": +0.0,
    "XE2XF2": +0.0,
    "XE2XH2": +0.0,
    "XF1X31": +0.0,
    "XF1XE1": +0.0,
    "XF1XG1": +0.0,
    "XF2X32": +0.0,
    "XF2XE2": +0.0,
    "XF2XG2": +0.0,
    "XG1XF1": +0.0,
    "XG1XR1": +0.0,
    "XG2XF2": +0.0,
    "XG2XR2": +0.0,
    "XH1XE1": +0.0,
    "XH1XI1": +0.0,
    "XH1XR1": +0.0,
    "XH2XE2": +0.0,
    "XH2XI2": +0.0,
    "XH2XR2": +0.0,
    "XI1XH1": +0.0,
    "XI1XJ1": +0.0,
    "XI2XH2": +0.0,
    "XI2XJ2": +0.0,
    "XJ1DZ1": +0.0,
    "XJ1XI1": +0.0,
    "XJ2DZ2": +0.0,
    "XJ2XI2": +0.0,
    "XK1XJ1": +0.0,
    "XK2XJ2": +0.0,
    "XL1XK1": +0.0,
    "XL2XK2": +0.0,
    "XM1XL1": +0.0,
    "XM2XL2": +0.0,
    "XN1XM1": +0.0,
    "XN2XM2": +0.0,
    "XP1XN1": +0.0,
    "XP1XU1": +0.0,
    "XP2XN2": +0.0,
    "XP2XU2": +0.0,
    "XQ1XP1": +0.0,
    "XQ2XP2": +0.0,
    "XR1XG1": +0.0,
    "XR1XH1": +0.0,
    "XR1XS1": +0.0,
    "XR1XV1": +0.0,
    "XR2XG2": +0.0,
    "XR2XH2": +0.0,
    "XR2XS2": +0.0,
    "XR2XV2": +0.0,
    "XS1XR1": +0.0,
    "XS1XT1": +0.0,
    "XS2XR2": +0.0,
    "XS2XT2": +0.0,
    "XT1XS1": +0.0,
    "XT1XU1": +0.0,
    "XT1ZV1": +0.0,
    "XT2XS2": +0.0,
    "XT2XU2": +0.0,
    "XT2ZV2": +0.0,
    "XU1XP1": +0.0,
    "XU1XT1": +0.0,
    "XU2XP2": +0.0,
    "XU2XT2": +0.0,
    "XV1X21": +0.0,
    "XV1XR1": +0.0,
    "XV1XW1": +0.0,
    "XV2X22": +0.0,
    "XV2XR2": +0.0,
    "XV2XW2": +0.0,
    "XW1XV1": +0.0,
    "XW1ZQ1": +0.0,
    "XW2XV2": +0.0,
    "XW2ZQ2": +0.0,
    "XX1XW1": +0.0,
    "XX2XW2": +0.0,
    "XY1XX1": +0.0,
    "XY2XX2": +0.0,
    "YA1HL1": +0.0,
    "YA2HL2": +0.0,
    "YB1HL1": +0.0,
    "YB2HL2": +0.0,
    "YC1YB1": +0.0,
    "YC2YB2": +0.0,
    "YD1YC1": +0.0,
    "YD2YC2": +0.0,
    "YE1YD1": +0.0,
    "YE2YD2": +0.0,
    "YF1YG1": +0.0,
    "YF1YK1": +0.0,
    "YF2YG2": +0.0,
    "YF2YK2": +0.0,
    "YG1YF1": +0.0,
    "YG1YH1": +0.0,
    "YG2YF2": +0.0,
    "YG2YH2": +0.0,
    "YH1YG1": +0.0,
    "YH1YI1": +0.0,
    "YH2YG2": +0.0,
    "YH2YI2": +0.0,
    "YI1YH1": +0.0,
    "YI1YJ1": +0.0,
    "YI2YH2": +0.0,
    "YI2YJ2": +0.0,
    "YJ1YI1": +0.0,
    "YJ1YZ1": +0.0,
    "YJ2YI2": +0.0,
    "YJ2YZ2": +0.0,
    "YK1SY1": +0.0,
    "YK1YF1": +0.0,
    "YK2SY2": +0.0,
    "YK2YF2": +0.0,
    "YL1YF1": +0.0,
    "YL2YF2": +0.0,
    "YM1YL1": +0.0,
    "YM2YL2": +0.0,
    "YN1YM1": +0.0,
    "YN2YM2": +0.0,
    "YP1YN1": +0.0,
    "YP2YN2": +0.0,
    "YQ1YM1": +0.0,
    "YQ2YM2": +0.0,
    "YR1ZE1": +0.0,
    "YR2ZE2": +0.0,
    "YS1YR1": +0.0,
    "YS2YR2": +0.0,
    "YT1YS1": +0.0,
    "YT2YS2": +0.0,
    "YU1WE1": +0.0,
    "YU2WE2": +0.0,
    "YZ1HA1": +0.0,
    "YZ2HA2": +0.0,
    "Z11Z21": +0.0,
    "Z12Z22": +0.0,
    "Z21XQ1": +0.0,
    "Z22XQ2": +0.0,
    "ZA1SY1": +0.0,
    "ZA1ZB1": +0.0,
    "ZA2SY2": +0.0,
    "ZA2ZB2": +0.0,
    "ZB1ZA1": +0.0,
    "ZB1ZC1": +0.0,
    "ZB2ZA2": +0.0,
    "ZB2ZC2": +0.0,
    "ZC1ZB1": +0.0,
    "ZC1ZD1": +0.0,
    "ZC2ZB2": +0.0,
    "ZC2ZD2": +0.0,
    "ZD1ZC1": +0.0,
    "ZD1ZE1": +0.0,
    "ZD2ZC2": +0.0,
    "ZD2ZE2": +0.0,
    "ZE1ZD1": +0.0,
    "ZE1ZJ1": +0.0,
    "ZE2ZD2": +0.0,
    "ZE2ZJ2": +0.0,
    "ZF1T11": +0.0,
    "ZF1ZK1": +0.0,
    "ZF2T12": +0.0,
    "ZF2ZK2": +0.0,
    "ZG1ZF1": +0.0,
    "ZG2ZF2": +0.0,
    "ZH1ZG1": +0.0,
    "ZH2ZG2": +0.0,
    "ZI1ZH1": +0.0,
    "ZI2ZH2": +0.0,
    "ZJ1ZI1": +0.0,
    "ZJ2ZI2": +0.0,
    "ZK1X21": +0.0,
    "ZK1ZF1": +0.0,
    "ZK2X22": +0.0,
    "ZK2ZF2": +0.0,
    "ZL1XY1": +0.0,
    "ZL2XY2": +0.0,
    "ZM1ZP1": +0.0,
    "ZM2ZP2": +0.0,
    "ZP1ZQ1": +0.0,
    "ZP2ZQ2": +0.0,
    "ZQ1XW1": +0.0,
    "ZQ1ZR1": +0.0,
    "ZQ2XW2": +0.0,
    "ZQ2ZR2": +0.0,
    "ZR1ZQ1": +0.0,
    "ZR1ZS1": +0.0,
    "ZR2ZQ2": +0.0,
    "ZR2ZS2": +0.0,
    "ZS1ZR1": +0.0,
    "ZS1ZT1": +0.0,
    "ZS2ZR2": +0.0,
    "ZS2ZT2": +0.0,
    "ZT1ZS1": +0.0,
    "ZT1ZU1": +0.0,
    "ZT2ZS2": +0.0,
    "ZT2ZU2": +0.0,
    "ZU1ZT1": +0.0,
    "ZU1ZV1": +0.0,
    "ZU2ZT2": +0.0,
    "ZU2ZV2": +0.0,
    "ZV1XT1": +0.0,
    "ZV1ZU1": +0.0,
    "ZV2XT2": +0.0,
    "ZV2ZU2": +0.0,
    "ZW1XQ1": +0.0,
    "ZW2XQ2": +0.0,
    "ZX1ZW1": +0.0,
    "ZX2ZW2": +0.0,
    "ZY1ZX1": +0.0,
    "ZY2ZX2": +0.0,
    "ZZ1Z11": +0.0,
    "ZZ2Z12": +0.0,
  }),
})
