Expected optimal value: 320.61972906
Solution({
  optimal value: +0.0,
  solution: Map({
    "COL0001": +0.0,
    "COL0002": +0.0,
    "COL0003": +0.0,
    "COL0004": +0.0,
    "COL0005": +0.0,
    "COL0006": +0.0,
    "COL0007": +0.0,
    "COL0008": +0.0,
    "COL0009": +0.0,
    "COL0010": +0.0,
    "COL0011": +0.0,
    "COL0012": +0.0,
    "COL0013": +0.0,
    "COL0014": +0.0,
    "COL0015": +0.0,
    "COL0016": +0.0,
    "COL0017": +0.0,
    "COL0018": +0.0,
    "COL0019": +0.0,
    "COL0020": +0.0,
    "COL0021": +0.0,
    "COL0022": +0.0,
    "COL0023": +0.0,
    "COL0024": +0.0,
    "COL0025": +0.0,
    "COL0026": +0.0,
    "COL0027": +0.0,
    "COL0028": +0.0,
    "COL0029": +0.0,
    "COL0030": +0.0,
    "COL0031": +0.0,
    "COL0032": +0.0,
    "COL0033": +0.0,
    "COL0034": +0.0,
    "COL0035": +0.0,
    "COL0036": +0.0,
    "COL0037": +0.0,
    "COL0038": +0.0,
    "COL0039": +0.0,
    "COL0040": +0.0,
    "COL0041": +0.0,
    "COL0042": +0.0,
    "COL0043": +0.0,
    "COL0044": +0.0,
    "COL0045": +0.0,
    "COL0046": +0.0,
    "COL0047": +0.0,
    "COL0048": +0.0,
    "COL0049": +0.0,
    "COL0050": +0.0,
    "COL0051": +0.0,
    "COL0052": +0.0,
    "COL0053": +0.0,
    "COL0054": +0.0,
    "COL0055": +0.0,
    "COL0056": +0.0,
    "COL0057": +0.0,
    "COL0058": +0.0,
    "COL0059": +0.0,
    "COL0060": +0.0,
    "COL0061": +0.0,
    "COL0062": +0.0,
    "COL0063": +0.0,
    "COL0064": +0.0,
    "COL0065": +0.0,
    "COL0066": +0.0,
    "COL0067": +0.0,
    "COL0068": +0.0,
    "COL0069": +0.0,
    "COL0070": +0.0,
    "COL0071": +0.0,
    "COL0072": +0.0,
    "COL0073": +0.0,
    "COL0074": +0.0,
    "COL0075": +0.0,
    "COL0076": +0.0,
    "COL0077": +0.0,
    "COL0078": +0.0,
    "COL0079": +0.0,
    "COL0080": +0.0,
    "COL0081": +0.0,
    "COL0082": +0.0,
    "COL0083": +0.0,
    "COL0084": +0.0,
    "COL0085": +0.0,
    "COL0086": +0.0,
    "COL0087": +0.0,
    "COL0088": +0.0,
    "COL0089": +0.0,
    "COL0090": +0.0,
    "COL0091": +0.0,
    "COL0092": +0.0,
    "COL0093": +0.0,
    "COL0094": +0.0,
    "COL0095": +0.0,
    "COL0096": +0.0,
    "COL0097": +0.0,
    "COL0098": +0.0,
    "COL0099": +0.0,
    "COL0100": +0.0,
    "COL0101": +0.0,
    "COL0102": +0.0,
    "COL0103": +0.0,
    "COL0104": +0.0,
    "COL0105": +0.0,
    "COL0106": +0.0,
    "COL0107": +0.0,
    "COL0108": +0.0,
    "COL0109": +0.0,
    "COL0110": +0.0,
    "COL0111": +0.0,
    "COL0112": +0.0,
    "COL0113": +0.0,
    "COL0114": +0.0,
    "COL0115": +0.0,
    "COL0116": +0.0,
    "COL0117": +0.0,
    "COL0118": +0.0,
    "COL0119": +0.0,
    "COL0120": +0.0,
    "COL0121": +0.0,
    "COL0122": +0.0,
    "COL0123": +0.0,
    "COL0124": +0.0,
    "COL0125": +0.0,
    "COL0126": +0.0,
    "COL0127": +0.0,
    "COL0128": +0.0,
    "COL0129": +0.0,
    "COL0130": +0.0,
    "COL0131": +0.0,
    "COL0132": +0.0,
    "COL0133": +0.0,
    "COL0134": +0.0,
    "COL0135": +0.0,
    "COL0136": +0.0,
    "COL0137": +0.0,
    "COL0138": +0.0,
    "COL0139": +0.0,
    "COL0140": +0.0,
    "COL0141": +0.0,
    "COL0142": +0.0,
    "COL0143": +0.0,
    "COL0144": +0.0,
    "COL0145": +0.0,
    "COL0146": +0.0,
    "COL0147": +0.0,
    "COL0148": +0.0,
    "COL0149": +0.0,
    "COL0150": +0.0,
    "COL0151": +0.0,
    "COL0152": +0.0,
    "COL0153": +0.0,
    "COL0154": +0.0,
    "COL0155": +0.0,
    "COL0156": +0.0,
    "COL0157": +0.0,
    "COL0158": +0.0,
    "COL0159": +0.0,
    "COL0160": +0.0,
    "COL0161": +0.0,
    "COL0162": +0.0,
    "COL0163": +0.0,
    "COL0164": +0.0,
    "COL0165": +0.0,
    "COL0166": +0.0,
    "COL0167": +0.0,
    "COL0168": +0.0,
    "COL0169": +0.0,
    "COL0170": +0.0,
    "COL0171": +0.0,
    "COL0172": +0.0,
    "COL0173": +0.0,
    "COL0174": +0.0,
    "COL0175": +0.0,
    "COL0176": +0.0,
    "COL0177": +0.0,
    "COL0178": +0.0,
    "COL0179": +0.0,
    "COL0180": +0.0,
    "COL0181": +0.0,
    "COL0182": +0.0,
    "COL0183": +0.0,
    "COL0184": +0.0,
    "COL0185": +0.0,
    "COL0186": +0.0,
    "COL0187": +0.0,
    "COL0188": +0.0,
    "COL0189": +0.0,
    "COL0190": +0.0,
    "COL0191": +0.0,
    "COL0192": +0.0,
    "COL0193": +0.0,
    "COL0194": +0.0,
    "COL0195": +0.0,
    "COL0196": +0.0,
    "COL0197": +0.0,
    "COL0198": +0.0,
    "COL0199": +0.0,
    "COL0200": +0.0,
    "COL0201": +0.0,
    "COL0202": +0.0,
    "COL0203": +0.0,
    "COL0204": +0.0,
    "COL0205": +0.0,
    "COL0206": +0.0,
    "COL0207": +0.0,
    "COL0208": +0.0,
    "COL0209": +0.0,
    "COL0210": +0.0,
    "COL0211": +0.0,
    "COL0212": +0.0,
    "COL0213": +0.0,
    "COL0214": +0.0,
    "COL0215": +0.0,
    "COL0216": +0.0,
    "COL0217": +0.0,
    "COL0218": +0.0,
    "COL0219": +0.0,
    "COL0220": +0.0,
    "COL0221": +0.0,
    "COL0222": +0.0,
    "COL0223": +0.0,
    "COL0224": +0.0,
    "COL0225": +0.0,
    "COL0226": +0.0,
    "COL0227": +0.0,
    "COL0228": +0.0,
    "COL0229": +0.0,
    "COL0230": +0.0,
    "COL0231": +0.0,
    "COL0232": +0.0,
    "COL0233": +0.0,
    "COL0234": +0.0,
    "COL0235": +0.0,
    "COL0236": +0.0,
    "COL0237": +0.0,
    "COL0238": +0.0,
    "COL0239": +0.0,
    "COL0240": +0.0,
    "COL0241": +0.0,
    "COL0242": +0.0,
    "COL0243": +0.0,
    "COL0244": +0.0,
    "COL0245": +0.0,
    "COL0246": +0.0,
    "COL0247": +0.0,
    "COL0248": +0.0,
    "COL0249": +0.0,
    "COL0250": +0.0,
    "COL0251": +0.0,
    "COL0252": +0.0,
    "COL0253": +0.0,
    "COL0254": +0.0,
    "COL0255": +0.0,
    "COL0256": +0.0,
    "COL0257": +0.0,
    "COL0258": +0.0,
    "COL0259": +0.0,
    "COL0260": +0.0,
    "COL0261": +0.0,
    "COL0262": +0.0,
    "COL0263": +0.0,
    "COL0264": +0.0,
    "COL0265": +0.0,
    "COL0266": +0.0,
    "COL0267": +0.0,
    "COL0268": +0.0,
    "COL0269": +0.0,
    "COL0270": +0.0,
    "COL0271": +0.0,
    "COL0272": +0.0,
    "COL0273": +0.0,
    "COL0274": +0.0,
    "COL0275": +0.0,
    "COL0276": +0.0,
    "COL0277": +0.0,
    "COL0278": +0.0,
    "COL0279": +0.0,
    "COL0280": +0.0,
    "COL0281": +0.0,
    "COL0282": +0.0,
    "COL0283": +0.0,
    "COL0284": +0.0,
    "COL0285": +0.0,
    "COL0286": +0.0,
    "COL0287": +0.0,
    "COL0288": +0.0,
    "COL0289": +0.0,
    "COL0290": +0.0,
    "COL0291": +0.0,
    "COL0292": +0.0,
    "COL0293": +0.0,
    "COL0294": +0.0,
    "COL0295": +0.0,
    "COL0296": +0.0,
    "COL0297": +0.0,
    "COL0298": +0.0,
    "COL0299": +0.0,
    "COL0300": +0.0,
    "COL0301": +0.0,
    "COL0302": +0.0,
    "COL0303": +0.0,
    "COL0304": +0.0,
    "COL0305": +0.0,
    "COL0306": +0.0,
    "COL0307": +0.0,
    "COL0308": +0.0,
    "COL0309": +0.0,
    "COL0310": +0.0,
    "COL0311": +0.0,
    "COL0312": +0.0,
    "COL0313": +0.0,
    "COL0314": +0.0,
    "COL0315": +0.0,
    "COL0316": +0.0,
    "COL0317": +0.0,
    "COL0318": +0.0,
    "COL0319": +0.0,
    "COL0320": +0.0,
    "COL0321": +0.0,
    "COL0322": +0.0,
    "COL0323": +0.0,
    "COL0324": +0.0,
    "COL0325": +0.0,
    "COL0326": +0.0,
    "COL0327": +0.0,
    "COL0328": +0.0,
    "COL0329": +0.0,
    "COL0330": +0.0,
    "COL0331": +0.0,
    "COL0332": +0.0,
    "COL0333": +0.0,
    "COL0334": +0.0,
    "COL0335": +0.0,
    "COL0336": +0.0,
    "COL0337": +0.0,
    "COL0338": +0.0,
    "COL0339": +0.0,
    "COL0340": +0.0,
    "COL0341": +0.0,
    "COL0342": +0.0,
    "COL0343": +0.0,
    "COL0344": +0.0,
    "COL0345": +0.0,
    "COL0346": +0.0,
    "COL0347": +0.0,
    "COL0348": +0.0,
    "COL0349": +0.0,
    "COL0350": +0.0,
    "COL0351": +0.0,
    "COL0352": +0.0,
    "COL0353": +0.0,
    "COL0354": +0.0,
    "COL0355": +0.0,
    "COL0356": +0.0,
    "COL0357": +0.0,
    "COL0358": +0.0,
    "COL0359": +0.0,
    "COL0360": +0.0,
    "COL0361": +0.0,
    "COL0362": +0.0,
    "COL0363": +0.0,
    "COL0364": +0.0,
    "COL0365": +0.0,
    "COL0366": +0.0,
    "COL0367": +0.0,
    "COL0368": +0.0,
    "COL0369": +0.0,
    "COL0370": +0.0,
    "COL0371": +0.0,
    "COL0372": +0.0,
    "COL0373": +0.0,
    "COL0374": +0.0,
    "COL0375": +0.0,
    "COL0376": +0.0,
    "COL0377": +0.0,
    "COL0378": +0.0,
    "COL0379": +0.0,
    "COL0380": +0.0,
    "COL0381": +0.0,
    "COL0382": +0.0,
    "COL0383": +0.0,
    "COL0384": +0.0,
    "COL0385": +0.0,
    "COL0386": +0.0,
    "COL0387": +0.0,
    "COL0388": +0.0,
    "COL0389": +0.0,
    "COL0390": +0.0,
    "COL0391": +0.0,
    "COL0392": +0.0,
    "COL0393": +0.0,
    "COL0394": +0.0,
    "COL0395": +0.0,
    "COL0396": +0.0,
    "COL0397": +0.0,
    "COL0398": +0.0,
    "COL0399": +0.0,
    "COL0400": +0.0,
    "COL0401": +0.0,
    "COL0402": +0.0,
    "COL0403": +0.0,
    "COL0404": +0.0,
    "COL0405": +0.0,
    "COL0406": +0.0,
    "COL0407": +0.0,
    "COL0408": +0.0,
    "COL0409": +0.0,
    "COL0410": +0.0,
    "COL0411": +0.0,
    "COL0412": +0.0,
    "COL0413": +0.0,
    "COL0414": +0.0,
    "COL0415": +0.0,
    "COL0416": +0.0,
    "COL0417": +0.0,
    "COL0418": +0.0,
    "COL0419": +0.0,
    "COL0420": +0.0,
    "COL0421": +0.0,
    "COL0422": +0.0,
    "COL0423": +0.0,
    "COL0424": +0.0,
    "COL0425": +0.0,
    "COL0426": +0.0,
    "COL0427": +0.0,
    "COL0428": +0.0,
    "COL0429": +0.0,
    "COL0430": +0.0,
    "COL0431": +0.0,
    "COL0432": +0.0,
    "COL0433": +0.0,
    "COL0434": +0.0,
    "COL0435": +0.0,
    "COL0436": +0.0,
    "COL0437": +0.0,
    "COL0438": +0.0,
    "COL0439": +0.0,
    "COL0440": +0.0,
    "COL0441": +0.0,
    "COL0442": +0.0,
    "COL0443": +0.0,
    "COL0444": +0.0,
    "COL0445": +0.0,
    "COL0446": +0.0,
    "COL0447": +0.0,
    "COL0448": +0.0,
    "COL0449": +0.0,
    "COL0450": +0.0,
    "COL0451": +0.0,
    "COL0452": +0.0,
    "COL0453": +0.0,
    "COL0454": +0.0,
    "COL0455": +0.0,
    "COL0456": +0.0,
    "COL0457": +0.0,
    "COL0458": +0.0,
    "COL0459": +0.0,
    "COL0460": +0.0,
    "COL0461": +0.0,
    "COL0462": +0.0,
    "COL0463": +0.0,
    "COL0464": +0.0,
    "COL0465": +0.0,
    "COL0466": +0.0,
    "COL0467": +0.0,
    "COL0468": +0.0,
    "COL0469": +0.0,
    "COL0470": +0.0,
    "COL0471": +0.0,
    "COL0472": +0.0,
    "COL0473": +0.0,
    "COL0474": +0.0,
    "COL0475": +0.0,
    "COL0476": +0.0,
    "COL0477": +0.0,
    "COL0478": +0.0,
    "COL0479": +0.0,
    "COL0480": +0.0,
    "COL0481": +0.0,
    "COL0482": +0.0,
    "COL0483": +0.0,
    "COL0484": +0.0,
    "COL0485": +0.0,
    "COL0486": +0.0,
    "COL0487": +0.0,
    "COL0488": +0.0,
    "COL0489": +0.0,
    "COL0490": +0.0,
    "COL0491": +0.0,
    "COL0492": +0.0,
    "COL0493": +0.0,
    "COL0494": +0.0,
    "COL0495": +0.0,
    "COL0496": +0.0,
    "COL0497": +0.0,
    "COL0498": +0.0,
    "COL0499": +0.0,
    "COL0500": +0.0,
    "COL0501": +0.0,
    "COL0502": +0.0,
    "COL0503": +0.0,
    "COL0504": +0.0,
    "COL0505": +0.0,
    "COL0506": +0.0,
    "COL0507": +0.0,
    "COL0508": +0.0,
    "COL0509": +0.0,
    "COL0510": +0.0,
    "COL0511": +0.0,
    "COL0512": +0.0,
    "COL0513": +0.0,
    "COL0514": +0.0,
    "COL0515": +0.0,
    "COL0516": +0.0,
    "COL0517": +0.0,
    "COL0518": +0.0,
    "COL0519": +0.0,
    "COL0520": +0.0,
    "COL0521": +0.0,
    "COL0522": +0.0,
    "COL0523": +0.0,
    "COL0524": +0.0,
    "COL0525": +0.0,
    "COL0526": +0.0,
    "COL0527": +0.0,
    "COL0528": +0.0,
    "COL0529": +0.0,
    "COL0530": +0.0,
    "COL0531": +0.0,
    "COL0532": +0.0,
    "COL0533": +0.0,
    "COL0534": +0.0,
    "COL0535": +0.0,
    "COL0536": +0.0,
    "COL0537": +0.0,
    "COL0538": +0.0,
    "COL0539": +0.0,
    "COL0540": +0.0,
    "COL0541": +0.0,
    "COL0542": +0.0,
    "COL0543": +0.0,
    "COL0544": +0.0,
    "COL0545": +0.0,
    "COL0546": +0.0,
    "COL0547": +0.0,
    "COL0548": +0.0,
    "COL0549": +0.0,
    "COL0550": +0.0,
    "COL0551": +0.0,
    "COL0552": +0.0,
    "COL0553": +0.0,
    "COL0554": +0.0,
    "COL0555": +0.0,
    "COL0556": +0.0,
    "COL0557": +0.0,
    "COL0558": +0.0,
    "COL0559": +0.0,
    "COL0560": +0.0,
    "COL0561": +0.0,
    "COL0562": +0.0,
    "COL0563": +0.0,
    "COL0564": +0.0,
    "COL0565": +0.0,
    "COL0566": +0.0,
    "COL0567": +0.0,
    "COL0568": +0.0,
    "COL0569": +0.0,
    "COL0570": +0.0,
    "COL0571": +0.0,
    "COL0572": +0.0,
    "COL0573": +0.0,
    "COL0574": +0.0,
    "COL0575": +0.0,
    "COL0576": +0.0,
    "COL0577": +0.0,
    "COL0578": +0.0,
    "COL0579": +0.0,
    "COL0580": +0.0,
    "COL0581": +0.0,
    "COL0582": +0.0,
    "COL0583": +0.0,
    "COL0584": +0.0,
    "COL0585": +0.0,
    "COL0586": +0.0,
    "COL0587": +0.0,
    "COL0588": +0.0,
    "COL0589": +0.0,
    "COL0590": +0.0,
    "COL0591": +0.0,
    "COL0592": +0.0,
    "COL0593": +0.0,
    "COL0594": +0.0,
    "COL0595": +0.0,
    "COL0596": +0.0,
    "COL0597": +0.0,
    "COL0598": +0.0,
    "COL0599": +0.0,
    "COL0600": +0.0,
    "COL0601": +0.0,
    "COL0602": +0.0,
    "COL0603": +0.0,
    "COL0604": +0.0,
    "COL0605": +0.0,
    "COL0606": +0.0,
    "COL0607": +0.0,
    "COL0608": +0.0,
    "COL0609": +0.0,
    "COL0610": +0.0,
    "COL0611": +0.0,
    "COL0612": +0.0,
    "COL0613": +0.0,
    "COL0614": +0.0,
    "COL0615": +0.0,
    "COL0616": +0.0,
    "COL0617": +0.0,
    "COL0618": +0.0,
    "COL0619": +0.0,
    "COL0620": +0.0,
    "COL0621": +0.0,
    "COL0622": +0.0,
    "COL0623": +0.0,
    "COL0624": +0.0,
    "COL0625": +0.0,
    "COL0626": +0.0,
    "COL0627": +0.0,
    "COL0628": +0.0,
    "COL0629": +0.0,
    "COL0630": +0.0,
    "COL0631": +0.0,
    "COL0632": +0.0,
    "COL0633": +0.0,
    "COL0634": +0.0,
    "COL0635": +0.0,
    "COL0636": +0.0,
    "COL0637": +0.0,
    "COL0638": +0.0,
    "COL0639": +0.0,
    "COL0640": +0.0,
    "COL0641": +0.0,
    "COL0642": +0.0,
    "COL0643": +0.0,
    "COL0644": +0.0,
    "COL0645": +0.0,
    "COL0646": +0.0,
    "COL0647": +0.0,
    "COL0648": +0.0,
    "COL0649": +0.0,
    "COL0650": +0.0,
    "COL0651": +0.0,
    "COL0652": +0.0,
    "COL0653": +0.0,
    "COL0654": +0.0,
    "COL0655": +0.0,
    "COL0656": +0.0,
    "COL0657": +0.0,
    "COL0658": +0.0,
    "COL0659": +0.0,
    "COL0660": +0.0,
    "COL0661": +0.0,
    "COL0662": +0.0,
    "COL0663": +0.0,
    "COL0664": +0.0,
    "COL0665": +0.0,
    "COL0666": +0.0,
    "COL0667": +0.0,
    "COL0668": +0.0,
    "COL0669": +0.0,
    "COL0670": +0.0,
    "COL0671": +0.0,
    "COL0672": +0.0,
    "COL0673": +0.0,
    "COL0674": +0.0,
    "COL0675": +0.0,
    "COL0676": +0.0,
    "COL0677": +0.0,
    "COL0678": +0.0,
    "COL0679": +0.0,
    "COL0680": +0.0,
    "COL0681": +0.0,
    "COL0682": +0.0,
    "COL0683": +0.0,
    "COL0684": +0.0,
    "COL0685": +0.0,
    "COL0686": +0.0,
    "COL0687": +0.0,
    "COL0688": +0.0,
    "COL0689": +0.0,
    "COL0690": +0.0,
    "COL0691": +0.0,
    "COL0692": +0.0,
    "COL0693": +0.0,
    "COL0694": +0.0,
    "COL0695": +0.0,
    "COL0696": +0.0,
    "COL0697": +0.0,
    "COL0698": +0.0,
    "COL0699": +0.0,
    "COL0700": +0.0,
    "COL0701": +0.0,
    "COL0702": +0.0,
    "COL0703": +0.0,
    "COL0704": +0.0,
    "COL0705": +0.0,
    "COL0706": +0.0,
    "COL0707": +0.0,
    "COL0708": +0.0,
    "COL0709": +0.0,
    "COL0710": +0.0,
    "COL0711": +0.0,
    "COL0712": +0.0,
    "COL0713": +0.0,
    "COL0714": +0.0,
    "COL0715": +0.0,
    "COL0716": +0.0,
    "COL0717": +0.0,
    "COL0718": +0.0,
    "COL0719": +0.0,
    "COL0720": +0.0,
    "COL0721": +0.0,
    "COL0722": +0.0,
    "COL0723": +0.0,
    "COL0724": +0.0,
    "COL0725": +0.0,
    "COL0726": +0.0,
    "COL0727": +0.0,
    "COL0728": +0.0,
    "COL0729": +0.0,
    "COL0730": +0.0,
    "COL0731": +0.0,
    "COL0732": +0.0,
    "COL0733": +0.0,
    "COL0734": +0.0,
    "COL0735": +0.0,
    "COL0736": +0.0,
    "COL0737": +0.0,
    "COL0738": +0.0,
    "COL0739": +0.0,
    "COL0740": +0.0,
    "COL0741": +0.0,
    "COL0742": +0.0,
    "COL0743": +0.0,
    "COL0744": +0.0,
    "COL0745": +0.0,
    "COL0746": +0.0,
    "COL0747": +0.0,
    "COL0748": +0.0,
    "COL0749": +0.0,
    "COL0750": +0.0,
    "COL0751": +0.0,
    "COL0752": +0.0,
    "COL0753": +0.0,
    "COL0754": +0.0,
    "COL0755": +0.0,
    "COL0756": +0.0,
    "COL0757": +0.0,
    "COL0758": +0.0,
    "COL0759": +0.0,
    "COL0760": +0.0,
    "COL0761": +0.0,
    "COL0762": +0.0,
    "COL0763": +0.0,
    "COL0764": +0.0,
    "COL0765": +0.0,
    "COL0766": +0.0,
    "COL0767": +0.0,
    "COL0768": +0.0,
    "COL0769": +0.0,
    "COL0770": +0.0,
    "COL0771": +0.0,
    "COL0772": +0.0,
    "COL0773": +0.0,
    "COL0774": +0.0,
    "COL0775": +0.0,
    "COL0776": +0.0,
    "COL0777": +0.0,
    "COL0778": +0.0,
    "COL0779": +0.0,
    "COL0780": +0.0,
    "COL0781": +0.0,
    "COL0782": +0.0,
    "COL0783": +0.0,
    "COL0784": +0.0,
    "COL0785": +0.0,
    "COL0786": +0.0,
    "COL0787": +0.0,
    "COL0788": +0.0,
    "COL0789": +0.0,
    "COL0790": +0.0,
    "COL0791": +0.0,
    "COL0792": +0.0,
    "COL0793": +0.0,
    "COL0794": +0.0,
    "COL0795": +0.0,
    "COL0796": +0.0,
    "COL0797": +0.0,
    "COL0798": +0.0,
    "COL0799": +0.0,
    "COL0800": +0.0,
    "COL0801": +0.0,
    "COL0802": +0.0,
    "COL0803": +0.0,
    "COL0804": +0.0,
    "COL0805": +0.0,
    "COL0806": +0.0,
    "COL0807": +0.0,
    "COL0808": +0.0,
    "COL0809": +0.0,
    "COL0810": +0.0,
    "COL0811": +0.0,
    "COL0812": +0.0,
    "COL0813": +0.0,
    "COL0814": +0.0,
    "COL0815": +0.0,
    "COL0816": +0.0,
    "COL0817": +0.0,
    "COL0818": +0.0,
    "COL0819": +0.0,
    "COL0820": +0.0,
    "COL0821": +0.0,
    "COL0822": +0.0,
    "COL0823": +0.0,
    "COL0824": +0.0,
    "COL0825": +0.0,
    "COL0826": +0.0,
    "COL0827": +0.0,
    "COL0828": +0.0,
    "COL0829": +0.0,
    "COL0830": +0.0,
    "COL0831": +0.0,
    "COL0832": +0.0,
    "COL0833": +0.0,
    "COL0834": +0.0,
    "COL0835": +0.0,
    "COL0836": +0.0,
    "COL0837": +0.0,
    "COL0838": +0.0,
    "COL0839": +0.0,
    "COL0840": +0.0,
    "COL0841": +0.0,
    "COL0842": +0.0,
    "COL0843": +0.0,
    "COL0844": +0.0,
    "COL0845": +0.0,
    "COL0846": +0.0,
    "COL0847": +0.0,
    "COL0848": +0.0,
    "COL0849": +0.0,
    "COL0850": +0.0,
    "COL0851": +0.0,
    "COL0852": +0.0,
    "COL0853": +0.0,
    "COL0854": +0.0,
    "COL0855": +0.0,
    "COL0856": +0.0,
    "COL0857": +0.0,
    "COL0858": +0.0,
    "COL0859": +0.0,
    "COL0860": +0.0,
    "COL0861": +0.0,
    "COL0862": +0.0,
    "COL0863": +0.0,
    "COL0864": +0.0,
    "COL0865": +0.0,
    "COL0866": +0.0,
    "COL0867": +0.0,
    "COL0868": +0.0,
    "COL0869": +0.0,
    "COL0870": +0.0,
    "COL0871": +0.0,
    "COL0872": +0.0,
    "COL0873": +0.0,
    "COL0874": +0.0,
    "COL0875": +0.0,
    "COL0876": +0.0,
    "COL0877": +0.0,
    "COL0878": +0.0,
    "COL0879": +0.0,
    "COL0880": +0.0,
    "COL0881": +0.0,
    "COL0882": +0.0,
    "COL0883": +0.0,
    "COL0884": +0.0,
    "COL0885": +0.0,
    "COL0886": +0.0,
    "COL0887": +0.0,
    "COL0888": +0.0,
    "COL0889": +0.0,
    "COL0890": +0.0,
    "COL0891": +0.0,
    "COL0892": +0.0,
    "COL0893": +0.0,
    "COL0894": +0.0,
    "COL0895": +0.0,
    "COL0896": +0.0,
    "COL0897": +0.0,
    "COL0898": +0.0,
    "COL0899": +0.0,
    "COL0900": +0.0,
    "COL0901": +0.0,
    "COL0902": +0.0,
    "COL0903": +0.0,
    "COL0904": +0.0,
    "COL0905": +0.0,
    "COL0906": +0.0,
    "COL0907": +0.0,
    "COL0908": +0.0,
    "COL0909": +0.0,
    "COL0910": +0.0,
    "COL0911": +0.0,
    "COL0912": +0.0,
    "COL0913": +0.0,
    "COL0914": +0.0,
    "COL0915": +0.0,
    "COL0916": +0.0,
    "COL0917": +0.0,
    "COL0918": +0.0,
    "COL0919": +0.0,
    "COL0920": +0.0,
    "COL0921": +0.0,
    "COL0922": +0.0,
    "COL0923": +0.0,
    "COL0924": +0.0,
    "COL0925": +0.0,
    "COL0926": +0.0,
    "COL0927": +0.0,
    "COL0928": +0.0,
    "COL0929": +0.0,
    "COL0930": +0.0,
    "COL0931": +0.0,
    "COL0932": +0.0,
    "COL0933": +0.0,
    "COL0934": +0.0,
    "COL0935": +0.0,
    "COL0936": +0.0,
    "COL0937": +0.0,
    "COL0938": +0.0,
    "COL0939": +0.0,
    "COL0940": +0.0,
    "COL0941": +0.0,
    "COL0942": +0.0,
    "COL0943": +0.0,
    "COL0944": +0.0,
    "COL0945": +0.0,
    "COL0946": +0.0,
    "COL0947": +0.0,
    "COL0948": +0.0,
    "COL0949": +0.0,
    "COL0950": +0.0,
    "COL0951": +0.0,
    "COL0952": +0.0,
    "COL0953": +0.0,
    "COL0954": +0.0,
    "COL0955": +0.0,
    "COL0956": +0.0,
    "COL0957": +0.0,
    "COL0958": +0.0,
    "COL0959": +0.0,
    "COL0960": +0.0,
    "COL0961": +0.0,
    "COL0962": +0.0,
    "COL0963": +0.0,
    "COL0964": +0.0,
    "COL0965": +0.0,
    "COL0966": +0.0,
    "COL0967": +0.0,
    "COL0968": +0.0,
    "COL0969": +0.0,
    "COL0970": +0.0,
    "COL0971": +0.0,
    "COL0972": +0.0,
    "COL0973": +0.0,
    "COL0974": +0.0,
    "COL0975": +0.0,
    "COL0976": +0.0,
    "COL0977": +0.0,
    "COL0978": +0.0,
    "COL0979": +0.0,
    "COL0980": +0.0,
    "COL0981": +0.0,
    "COL0982": +0.0,
    "COL0983": +0.0,
    "COL0984": +0.0,
    "COL0985": +0.0,
    "COL0986": +0.0,
    "COL0987": +0.0,
    "COL0988": +0.0,
    "COL0989": +0.0,
    "COL0990": +0.0,
    "COL0991": +0.0,
    "COL0992": +0.0,
    "COL0993": +0.0,
    "COL0994": +0.0,
    "COL0995": +0.0,
    "COL0996": +0.0,
    "COL0997": +0.0,
    "COL0998": +0.0,
    "COL0999": +0.0,
    "COL1000": +0.0,
    "COL1001": +0.0,
    "COL1002": +0.0,
    "COL1003": +0.0,
    "COL1004": +0.0,
    "COL1005": +0.0,
    "COL1006": +0.0,
    "COL1007": +0.0,
    "COL1008": +0.0,
    "COL1009": +0.0,
    "COL1010": +0.0,
    "COL1011": +0.0,
    "COL1012": +0.0,
    "COL1013": +0.0,
    "COL1014": +0.0,
    "COL1015": +0.0,
    "COL1016": +0.0,
    "COL1017": +0.0,
    "COL1018": +0.0,
    "COL1019": +0.0,
    "COL1020": +0.0,
    "COL1021": +0.0,
    "COL1022": +0.0,
    "COL1023": +0.0,
    "COL1024": +0.0,
    "COL1025": +0.0,
    "COL1026": +0.0,
    "COL1027": +0.0,
    "COL1028": +0.0,
    "COL1029": +0.0,
    "COL1030": +0.0,
    "COL1031": +0.0,
    "COL1032": +0.0,
    "COL1033": +0.0,
    "COL1034": +0.0,
    "COL1035": +0.0,
    "COL1036": +0.0,
    "COL1037": +0.0,
    "COL1038": +0.0,
    "COL1039": +0.0,
    "COL1040": +0.0,
    "COL1041": +0.0,
    "COL1042": +0.0,
    "COL1043": +0.0,
    "COL1044": +0.0,
    "COL1045": +0.0,
    "COL1046": +0.0,
    "COL1047": +0.0,
    "COL1048": +0.0,
    "COL1049": +0.0,
    "COL1050": +0.0,
    "COL1051": +0.0,
    "COL1052": +0.0,
    "COL1053": +0.0,
    "COL1054": +0.0,
    "COL1055": +0.0,
    "COL1056": +0.0,
    "COL1057": +0.0,
    "COL1058": +0.0,
    "COL1059": +0.0,
    "COL1060": +0.0,
    "COL1061": +0.0,
    "COL1062": +0.0,
    "COL1063": +0.0,
    "COL1064": +0.0,
    "COL1065": +0.0,
    "COL1066": +0.0,
    "COL1067": +0.0,
    "COL1068": +0.0,
    "COL1069": +0.0,
    "COL1070": +0.0,
    "COL1071": +0.0,
    "COL1072": +0.0,
    "COL1073": +0.0,
    "COL1074": +0.0,
    "COL1075": +0.0,
    "COL1076": +0.0,
    "COL1077": +0.0,
    "COL1078": +0.0,
    "COL1079": +0.0,
    "COL1080": +0.0,
    "COL1081": +0.0,
    "COL1082": +0.0,
    "COL1083": +0.0,
    "COL1084": +0.0,
    "COL1085": +0.0,
    "COL1086": +0.0,
    "COL1087": +0.0,
    "COL1088": +0.0,
    "COL1089": +0.0,
    "COL1090": +0.0,
    "COL1091": +0.0,
    "COL1092": +0.0,
    "COL1093": +0.0,
    "COL1094": +0.0,
    "COL1095": +0.0,
    "COL1096": +0.0,
    "COL1097": +0.0,
    "COL1098": +0.0,
    "COL1099": +0.0,
    "COL1100": +0.0,
    "COL1101": +0.0,
    "COL1102": +0.0,
    "COL1103": +0.0,
    "COL1104": +0.0,
    "COL1105": +0.0,
    "COL1106": +0.0,
    "COL1107": +0.0,
    "COL1108": +0.0,
    "COL1109": +0.0,
    "COL1110": +0.0,
    "COL1111": +0.0,
    "COL1112": +0.0,
    "COL1113": +0.0,
    "COL1114": +0.0,
    "COL1115": +0.0,
    "COL1116": +0.0,
    "COL1117": +0.0,
    "COL1118": +0.0,
    "COL1119": +0.0,
    "COL1120": +0.0,
    "COL1121": +0.0,
    "COL1122": +0.0,
    "COL1123": +0.0,
    "COL1124": +0.0,
    "COL1125": +0.0,
    "COL1126": +0.0,
    "COL1127": +0.0,
    "COL1128": +0.0,
    "COL1129": +0.0,
    "COL1130": +0.0,
    "COL1131": +0.0,
    "COL1132": +0.0,
    "COL1133": +0.0,
    "COL1134": +0.0,
    "COL1135": +0.0,
    "COL1136": +0.0,
    "COL1137": +0.0,
    "COL1138": +0.0,
    "COL1139": +0.0,
    "COL1140": +0.0,
    "COL1141": +0.0,
    "COL1142": +0.0,
    "COL1143": +0.0,
    "COL1144": +0.0,
    "COL1145": +0.0,
    "COL1146": +0.0,
    "COL1147": +0.0,
    "COL1148": +0.0,
    "COL1149": +0.0,
    "COL1150": +0.0,
    "COL1151": +0.0,
    "COL1152": +0.0,
    "COL1153": +0.0,
    "COL1154": +0.0,
    "COL1155": +0.0,
    "COL1156": +0.0,
    "COL1157": +0.0,
    "COL1158": +0.0,
    "COL1159": +0.0,
    "COL1160": +0.0,
    "COL1161": +0.0,
    "COL1162": +0.0,
    "COL1163": +0.0,
    "COL1164": +0.0,
    "COL1165": +0.0,
    "COL1166": +0.0,
    "COL1167": +0.0,
    "COL1168": +0.0,
    "COL1169": +0.0,
    "COL1170": +0.0,
    "COL1171": +0.0,
    "COL1172": +0.0,
    "COL1173": +0.0,
    "COL1174": +0.0,
    "COL1175": +0.0,
    "COL1176": +0.0,
    "COL1177": +0.0,
    "COL1178": +0.0,
    "COL1179": +0.0,
    "COL1180": +0.0,
    "COL1181": +0.0,
    "COL1182": +0.0,
    "COL1183": +0.0,
    "COL1184": +0.0,
    "COL1185": +0.0,
    "COL1186": +0.0,
    "COL1187": +0.0,
    "COL1188": +0.0,
    "COL1189": +0.0,
    "COL1190": +0.0,
    "COL1191": +0.0,
    "COL1192": +0.0,
    "COL1193": +0.0,
    "COL1194": +0.0,
    "COL1195": +0.0,
    "COL1196": +0.0,
    "COL1197": +0.0,
    "COL1198": +0.0,
    "COL1199": +0.0,
    "COL1200": +0.0,
    "COL1201": +0.0,
    "COL1202": +0.0,
    "COL1203": +0.0,
    "COL1204": +0.0,
    "COL1205": +0.0,
    "COL1206": +0.0,
    "COL1207": +0.0,
    "COL1208": +0.0,
    "COL1209": +0.0,
    "COL1210": +0.0,
    "COL1211": +0.0,
    "COL1212": +0.0,
    "COL1213": +0.0,
    "COL1214": +0.0,
    "COL1215": +0.0,
    "COL1216": +0.0,
    "COL1217": +0.0,
    "COL1218": +0.0,
    "COL1219": +0.0,
    "COL1220": +0.0,
    "COL1221": +0.0,
    "COL1222": +0.0,
    "COL1223": +0.0,
    "COL1224": +0.0,
    "COL1225": +0.0,
    "COL1226": +0.0,
    "COL1227": +0.0,
    "COL1228": +0.0,
    "COL1229": +0.0,
    "COL1230": +0.0,
    "COL1231": +0.0,
    "COL1232": +0.0,
    "COL1233": +0.0,
    "COL1234": +0.0,
    "COL1235": +0.0,
    "COL1236": +0.0,
    "COL1237": +0.0,
    "COL1238": +0.0,
    "COL1239": +0.0,
    "COL1240": +0.0,
    "COL1241": +0.0,
    "COL1242": +0.0,
    "COL1243": +0.0,
    "COL1244": +0.0,
    "COL1245": +0.0,
    "COL1246": +0.0,
    "COL1247": +0.0,
    "COL1248": +0.0,
    "COL1249": +0.0,
    "COL1250": +0.0,
    "COL1251": +0.0,
    "COL1252": +0.0,
    "COL1253": +0.0,
    "COL1254": +0.0,
    "COL1255": +0.0,
    "COL1256": +0.0,
    "COL1257": +0.0,
    "COL1258": +0.0,
    "COL1259": +0.0,
    "COL1260": +0.0,
    "COL1261": +0.0,
    "COL1262": +0.0,
    "COL1263": +0.0,
    "COL1264": +0.0,
    "COL1265": +0.0,
    "COL1266": +0.0,
    "COL1267": +0.0,
    "COL1268": +0.0,
    "COL1269": +0.0,
    "COL1270": +0.0,
    "COL1271": +0.0,
    "COL1272": +0.0,
    "COL1273": +0.0,
    "COL1274": +0.0,
    "COL1275": +0.0,
    "COL1276": +0.0,
    "COL1277": +0.0,
    "COL1278": +0.0,
    "COL1279": +0.0,
    "COL1280": +0.0,
    "COL1281": +0.0,
    "COL1282": +0.0,
    "COL1283": +0.0,
    "COL1284": +0.0,
    "COL1285": +0.0,
    "COL1286": +0.0,
    "COL1287": +0.0,
    "COL1288": +0.0,
    "COL1289": +0.0,
    "COL1290": +0.0,
    "COL1291": +0.0,
    "COL1292": +0.0,
    "COL1293": +0.0,
    "COL1294": +0.0,
    "COL1295": +0.0,
    "COL1296": +0.0,
    "COL1297": +0.0,
    "COL1298": +0.0,
    "COL1299": +0.0,
    "COL1300": +0.0,
    "COL1301": +0.0,
    "COL1302": +0.0,
    "COL1303": +0.0,
    "COL1304": +0.0,
    "COL1305": +0.0,
    "COL1306": +0.0,
    "COL1307": +0.0,
    "COL1308": +0.0,
    "COL1309": +0.0,
    "COL1310": +0.0,
    "COL1311": +0.0,
    "COL1312": +0.0,
    "COL1313": +0.0,
    "COL1314": +0.0,
    "COL1315": +0.0,
    "COL1316": +0.0,
    "COL1317": +0.0,
    "COL1318": +0.0,
    "COL1319": +0.0,
    "COL1320": +0.0,
    "COL1321": +0.0,
    "COL1322": +0.0,
    "COL1323": +0.0,
    "COL1324": +0.0,
    "COL1325": +0.0,
    "COL1326": +0.0,
    "COL1327": +0.0,
    "COL1328": +0.0,
    "COL1329": +0.0,
    "COL1330": +0.0,
    "COL1331": +0.0,
    "COL1332": +0.0,
    "COL1333": +0.0,
    "COL1334": +0.0,
    "COL1335": +0.0,
    "COL1336": +0.0,
    "COL1337": +0.0,
    "COL1338": +0.0,
    "COL1339": +0.0,
    "COL1340": +0.0,
    "COL1341": +0.0,
    "COL1342": +0.0,
    "COL1343": +0.0,
    "COL1344": +0.0,
    "COL1345": +0.0,
    "COL1346": +0.0,
    "COL1347": +0.0,
    "COL1348": +0.0,
    "COL1349": +0.0,
    "COL1350": +0.0,
    "COL1351": +0.0,
    "COL1352": +0.0,
    "COL1353": +0.0,
    "COL1354": +0.0,
    "COL1355": +0.0,
    "COL1356": +0.0,
    "COL1357": +0.0,
    "COL1358": +0.0,
    "COL1359": +0.0,
    "COL1360": +0.0,
    "COL1361": +0.0,
    "COL1362": +0.0,
    "COL1363": +0.0,
    "COL1364": +0.0,
    "COL1365": +0.0,
    "COL1366": +0.0,
    "COL1367": +0.0,
    "COL1368": +0.0,
    "COL1369": +0.0,
    "COL1370": +0.0,
    "COL1371": +0.0,
    "COL1372": +0.0,
    "COL1373": +0.0,
    "COL1374": +0.0,
    "COL1375": +0.0,
    "COL1376": +0.0,
    "COL1377": +0.0,
    "COL1378": +0.0,
    "COL1379": +0.0,
    "COL1380": +0.0,
    "COL1381": +0.0,
    "COL1382": +0.0,
    "COL1383": +0.0,
    "COL1384": +0.0,
    "COL1385": +0.0,
    "COL1386": +0.0,
    "COL1387": +0.0,
    "COL1388": +0.0,
    "COL1389": +0.0,
    "COL1390": +0.0,
    "COL1391": +0.0,
    "COL1392": +0.0,
    "COL1393": +0.0,
    "COL1394": +0.0,
    "COL1395": +0.0,
    "COL1396": +0.0,
    "COL1397": +0.0,
    "COL1398": +0.0,
    "COL1399": +0.0,
    "COL1400": +0.0,
    "COL1401": +0.0,
    "COL1402": +0.0,
    "COL1403": +0.0,
    "COL1404": +0.0,
    "COL1405": +0.0,
    "COL1406": +0.0,
    "COL1407": +0.0,
    "COL1408": +0.0,
    "COL1409": +0.0,
    "COL1410": +0.0,
    "COL1411": +0.0,
    "COL1412": +0.0,
    "COL1413": +0.0,
    "COL1414": +0.0,
    "COL1415": +0.0,
    "COL1416": +0.0,
    "COL1417": +0.0,
    "COL1418": +0.0,
    "COL1419": +0.0,
    "COL1420": +0.0,
    "COL1421": +0.0,
    "COL1422": +0.0,
    "COL1423": +0.0,
    "COL1424": +0.0,
    "COL1425": +0.0,
    "COL1426": +0.0,
    "COL1427": +0.0,
    "COL1428": +0.0,
    "COL1429": +0.0,
    "COL1430": +0.0,
    "COL1431": +0.0,
    "COL1432": +0.0,
    "COL1433": +0.0,
    "COL1434": +0.0,
    "COL1435": +0.0,
    "COL1436": +0.0,
    "COL1437": +0.0,
    "COL1438": +0.0,
    "COL1439": +0.0,
    "COL1440": +0.0,
    "COL1441": +0.0,
    "COL1442": +0.0,
    "COL1443": +0.0,
    "COL1444": +0.0,
    "COL1445": +0.0,
    "COL1446": +0.0,
    "COL1447": +0.0,
    "COL1448": +0.0,
    "COL1449": +0.0,
    "COL1450": +0.0,
    "COL1451": +0.0,
    "COL1452": +0.0,
    "COL1453": +0.0,
    "COL1454": +0.0,
    "COL1455": +0.0,
    "COL1456": +0.0,
    "COL1457": +0.0,
    "COL1458": +0.0,
    "COL1459": +0.0,
    "COL1460": +0.0,
    "COL1461": +0.0,
    "COL1462": +0.0,
    "COL1463": +0.0,
    "COL1464": +0.0,
    "COL1465": +0.0,
    "COL1466": +0.0,
    "COL1467": +0.0,
    "COL1468": +0.0,
    "COL1469": +0.0,
    "COL1470": +0.0,
    "COL1471": +0.0,
    "COL1472": +0.0,
    "COL1473": +0.0,
    "COL1474": +0.0,
    "COL1475": +0.0,
    "COL1476": +0.0,
    "COL1477": +0.0,
    "COL1478": +0.0,
    "COL1479": +0.0,
    "COL1480": +0.0,
    "COL1481": +0.0,
    "COL1482": +0.0,
    "COL1483": +0.0,
    "COL1484": +0.0,
    "COL1485": +0.0,
    "COL1486": +0.0,
    "COL1487": +0.0,
    "COL1488": +0.0,
    "COL1489": +0.0,
    "COL1490": +0.0,
    "COL1491": +0.0,
    "COL1492": +0.0,
    "COL1493": +0.0,
    "COL1494": +0.0,
    "COL1495": +0.0,
    "COL1496": +0.0,
    "COL1497": +0.0,
    "COL1498": +0.0,
    "COL1499": +0.0,
    "COL1500": +0.0,
    "COL1501": +0.0,
    "COL1502": +0.0,
    "COL1503": +0.0,
    "COL1504": +0.0,
    "COL1505": +0.0,
    "COL1506": +0.0,
    "COL1507": +0.0,
    "COL1508": +0.0,
    "COL1509": +0.0,
    "COL1510": +0.0,
    "COL1511": +0.0,
    "COL1512": +0.0,
    "COL1513": +0.0,
    "COL1514": +0.0,
    "COL1515": +0.0,
    "COL1516": +0.0,
    "COL1517": +0.0,
    "COL1518": +0.0,
    "COL1519": +0.0,
    "COL1520": +0.0,
    "COL1521": +0.0,
    "COL1522": +0.0,
    "COL1523": +0.0,
    "COL1524": +0.0,
    "COL1525": +0.0,
    "COL1526": +0.0,
    "COL1527": +0.0,
    "COL1528": +0.0,
    "COL1529": +0.0,
    "COL1530": +0.0,
    "COL1531": +0.0,
    "COL1532": +0.0,
    "COL1533": +0.0,
    "COL1534": +0.0,
    "COL1535": +0.0,
    "COL1536": +0.0,
    "COL1537": +0.0,
    "COL1538": +0.0,
    "COL1539": +0.0,
    "COL1540": +0.0,
    "COL1541": +0.0,
    "COL1542": +0.0,
    "COL1543": +0.0,
    "COL1544": +0.0,
    "COL1545": +0.0,
    "COL1546": +0.0,
    "COL1547": +0.0,
    "COL1548": +0.0,
    "COL1549": +0.0,
    "COL1550": +0.0,
    "COL1551": +0.0,
    "COL1552": +0.0,
    "COL1553": +0.0,
    "COL1554": +0.0,
    "COL1555": +0.0,
    "COL1556": +0.0,
    "COL1557": +0.0,
    "COL1558": +0.0,
    "COL1559": +0.0,
    "COL1560": +0.0,
    "COL1561": +0.0,
    "COL1562": +0.0,
    "COL1563": +0.0,
    "COL1564": +0.0,
    "COL1565": +0.0,
    "COL1566": +0.0,
    "COL1567": +0.0,
    "COL1568": +0.0,
    "COL1569": +0.0,
    "COL1570": +0.0,
    "COL1571": +0.0,
    "COL1572": +0.0,
    "COL1573": +0.0,
    "COL1574": +0.0,
    "COL1575": +0.0,
    "COL1576": +0.0,
    "COL1577": +0.0,
    "COL1578": +0.0,
    "COL1579": +0.0,
    "COL1580": +0.0,
    "COL1581": +0.0,
    "COL1582": +0.0,
    "COL1583": +0.0,
    "COL1584": +0.0,
    "COL1585": +0.0,
    "COL1586": +0.0,
    "COL1587": +0.0,
    "COL1588": +0.0,
    "COL1589": +0.0,
    "COL1590": +0.0,
    "COL1591": +0.0,
    "COL1592": +0.0,
    "COL1593": +0.0,
    "COL1594": +0.0,
    "COL1595": +0.0,
    "COL1596": +0.0,
    "COL1597": +0.0,
    "COL1598": +0.0,
    "COL1599": +0.0,
    "COL1600": +0.0,
    "COL1601": +0.0,
    "COL1602": +0.0,
    "COL1603": +0.0,
    "COL1604": +0.0,
    "COL1605": +0.0,
    "COL1606": +0.0,
    "COL1607": +0.0,
    "COL1608": +0.0,
    "COL1609": +0.0,
    "COL1610": +0.0,
    "COL1611": +0.0,
    "COL1612": +0.0,
    "COL1613": +0.0,
    "COL1614": +0.0,
    "COL1615": +0.0,
    "COL1616": +0.0,
    "COL1617": +0.0,
    "COL1618": +0.0,
    "COL1619": +0.0,
    "COL1620": +0.0,
  }),
})
