Expected optimal value: 50.500000078
Solution({
  optimal value: +0.0,
  solution: Map({
    "30001002": +0.0,
    "30001003": +0.0,
    "30001004": +0.0,
    "30001005": +0.0,
    "30001006": +0.0,
    "30001007": +0.0,
    "30001008": +0.0,
    "30001009": +0.0,
    "30001010": +0.0,
    "30001011": +0.0,
    "30001012": +0.0,
    "30001013": +0.0,
    "30001014": +0.0,
    "30001015": +0.0,
    "30002003": +0.0,
    "30002004": +0.0,
    "30002005": +0.0,
    "30002006": +0.0,
    "30002007": +0.0,
    "30002008": +0.0,
    "30002009": +0.0,
    "30002010": +0.0,
    "30002011": +0.0,
    "30002012": +0.0,
    "30002013": +0.0,
    "30002014": +0.0,
    "30002015": +0.0,
    "30003004": +0.0,
    "30003005": +0.0,
    "30003006": +0.0,
    "30003007": +0.0,
    "30003008": +0.0,
    "30003009": +0.0,
    "30003010": +0.0,
    "30003011": +0.0,
    "30003012": +0.0,
    "30003013": +0.0,
    "30003014": +0.0,
    "30003015": +0.0,
    "30004005": +0.0,
    "30004006": +0.0,
    "30004007": +0.0,
    "30004008": +0.0,
    "30004009": +0.0,
    "30004010": +0.0,
    "30004011": +0.0,
    "30004012": +0.0,
    "30004013": +0.0,
    "30004014": +0.0,
    "30004015": +0.0,
    "30005006": +0.0,
    "30005007": +0.0,
    "30005008": +0.0,
    "30005009": +0.0,
    "30005010": +0.0,
    "30005011": +0.0,
    "30005012": +0.0,
    "30005013": +0.0,
    "30005014": +0.0,
    "30005015": +0.0,
    "30006007": +0.0,
    "30006008": +0.0,
    "30006009": +0.0,
    "30006010": +0.0,
    "30006011": +0.0,
    "30006012": +0.0,
    "30006013": +0.0,
    "30006014": +0.0,
    "30006015": +0.0,
    "30007008": +0.0,
    "30007009": +0.0,
    "30007010": +0.0,
    "30007011": +0.0,
    "30007012": +0.0,
    "30007013": +0.0,
    "30007014": +0.0,
    "30007015": +0.0,
    "30008009": +0.0,
    "30008010": +0.0,
    "30008011": +0.0,
    "30008012": +0.0,
    "30008013": +0.0,
    "30008014": +0.0,
    "30008015": +0.0,
    "30009010": +0.0,
    "30009011": +0.0,
    "30009012": +0.0,
    "30009013": +0.0,
    "30009014": +0.0,
    "30009015": +0.0,
    "30010011": +0.0,
    "30010012": +0.0,
    "30010013": +0.0,
    "30010014": +0.0,
    "30010015": +0.0,
    "30011012": +0.0,
    "30011013": +0.0,
    "30011014": +0.0,
    "30011015": +0.0,
    "30011016": +0.0,
    "30011017": +0.0,
    "30011018": +0.0,
    "30011019": +0.0,
    "30011020": +0.0,
    "30011021": +0.0,
    "30011022": +0.0,
    "30011023": +0.0,
    "30011024": +0.0,
    "30011025": +0.0,
    "30012013": +0.0,
    "30012014": +0.0,
    "30012015": +0.0,
    "30012016": +0.0,
    "30012017": +0.0,
    "30012018": +0.0,
    "30012019": +0.0,
    "30012020": +0.0,
    "30012021": +0.0,
    "30012022": +0.0,
    "30012023": +0.0,
    "30012024": +0.0,
    "30012025": +0.0,
    "30013014": +0.0,
    "30013015": +0.0,
    "30013016": +0.0,
    "30013017": +0.0,
    "30013018": +0.0,
    "30013019": +0.0,
    "30013020": +0.0,
    "30013021": +0.0,
    "30013022": +0.0,
    "30013023": +0.0,
    "30013024": +0.0,
    "30013025": +0.0,
    "30014015": +0.0,
    "30014016": +0.0,
    "30014017": +0.0,
    "30014018": +0.0,
    "30014019": +0.0,
    "30014020": +0.0,
    "30014021": +0.0,
    "30014022": +0.0,
    "30014023": +0.0,
    "30014024": +0.0,
    "30014025": +0.0,
    "30015016": +0.0,
    "30015017": +0.0,
    "30015018": +0.0,
    "30015019": +0.0,
    "30015020": +0.0,
    "30015021": +0.0,
    "30015022": +0.0,
    "30015023": +0.0,
    "30015024": +0.0,
    "30015025": +0.0,
    "30016017": +0.0,
    "30016018": +0.0,
    "30016019": +0.0,
    "30016020": +0.0,
    "30016021": +0.0,
    "30016022": +0.0,
    "30016023": +0.0,
    "30016024": +0.0,
    "30016025": +0.0,
    "30017018": +0.0,
    "30017019": +0.0,
    "30017020": +0.0,
    "30017021": +0.0,
    "30017022": +0.0,
    "30017023": +0.0,
    "30017024": +0.0,
    "30017025": +0.0,
    "30018019": +0.0,
    "30018020": +0.0,
    "30018021": +0.0,
    "30018022": +0.0,
    "30018023": +0.0,
    "30018024": +0.0,
    "30018025": +0.0,
    "30019020": +0.0,
    "30019021": +0.0,
    "30019022": +0.0,
    "30019023": +0.0,
    "30019024": +0.0,
    "30019025": +0.0,
    "30020021": +0.0,
    "30020022": +0.0,
    "30020023": +0.0,
    "30020024": +0.0,
    "30020025": +0.0,
    "30021022": +0.0,
    "30021023": +0.0,
    "30021024": +0.0,
    "30021025": +0.0,
    "30021026": +0.0,
    "30021027": +0.0,
    "30021028": +0.0,
    "30021029": +0.0,
    "30021030": +0.0,
    "30021031": +0.0,
    "30021032": +0.0,
    "30021033": +0.0,
    "30021034": +0.0,
    "30021035": +0.0,
    "30022023": +0.0,
    "30022024": +0.0,
    "30022025": +0.0,
    "30022026": +0.0,
    "30022027": +0.0,
    "30022028": +0.0,
    "30022029": +0.0,
    "30022030": +0.0,
    "30022031": +0.0,
    "30022032": +0.0,
    "30022033": +0.0,
    "30022034": +0.0,
    "30022035": +0.0,
    "30023024": +0.0,
    "30023025": +0.0,
    "30023026": +0.0,
    "30023027": +0.0,
    "30023028": +0.0,
    "30023029": +0.0,
    "30023030": +0.0,
    "30023031": +0.0,
    "30023032": +0.0,
    "30023033": +0.0,
    "30023034": +0.0,
    "30023035": +0.0,
    "30024025": +0.0,
    "30024026": +0.0,
    "30024027": +0.0,
    "30024028": +0.0,
    "30024029": +0.0,
    "30024030": +0.0,
    "30024031": +0.0,
    "30024032": +0.0,
    "30024033": +0.0,
    "30024034": +0.0,
    "30024035": +0.0,
    "30025026": +0.0,
    "30025027": +0.0,
    "30025028": +0.0,
    "30025029": +0.0,
    "30025030": +0.0,
    "30025031": +0.0,
    "30025032": +0.0,
    "30025033": +0.0,
    "30025034": +0.0,
    "30025035": +0.0,
    "30026027": +0.0,
    "30026028": +0.0,
    "30026029": +0.0,
    "30026030": +0.0,
    "30026031": +0.0,
    "30026032": +0.0,
    "30026033": +0.0,
    "30026034": +0.0,
    "30026035": +0.0,
    "30027028": +0.0,
    "30027029": +0.0,
    "30027030": +0.0,
    "30027031": +0.0,
    "30027032": +0.0,
    "30027033": +0.0,
    "30027034": +0.0,
    "30027035": +0.0,
    "30028029": +0.0,
    "30028030": +0.0,
    "30028031": +0.0,
    "30028032": +0.0,
    "30028033": +0.0,
    "30028034": +0.0,
    "30028035": +0.0,
    "30029030": +0.0,
    "30029031": +0.0,
    "30029032": +0.0,
    "30029033": +0.0,
    "30029034": +0.0,
    "30029035": +0.0,
    "30030031": +0.0,
    "30030032": +0.0,
    "30030033": +0.0,
    "30030034": +0.0,
    "30030035": +0.0,
    "30031032": +0.0,
    "30031033": +0.0,
    "30031034": +0.0,
    "30031035": +0.0,
    "30031036": +0.0,
    "30031037": +0.0,
    "30031038": +0.0,
    "30031039": +0.0,
    "30031040": +0.0,
    "30031041": +0.0,
    "30031042": +0.0,
    "30031043": +0.0,
    "30031044": +0.0,
    "30031045": +0.0,
    "30032033": +0.0,
    "30032034": +0.0,
    "30032035": +0.0,
    "30032036": +0.0,
    "30032037": +0.0,
    "30032038": +0.0,
    "30032039": +0.0,
    "30032040": +0.0,
    "30032041": +0.0,
    "30032042": +0.0,
    "30032043": +0.0,
    "30032044": +0.0,
    "30032045": +0.0,
    "30033034": +0.0,
    "30033035": +0.0,
    "30033036": +0.0,
    "30033037": +0.0,
    "30033038": +0.0,
    "30033039": +0.0,
    "30033040": +0.0,
    "30033041": +0.0,
    "30033042": +0.0,
    "30033043": +0.0,
    "30033044": +0.0,
    "30033045": +0.0,
    "30034035": +0.0,
    "30034036": +0.0,
    "30034037": +0.0,
    "30034038": +0.0,
    "30034039": +0.0,
    "30034040": +0.0,
    "30034041": +0.0,
    "30034042": +0.0,
    "30034043": +0.0,
    "30034044": +0.0,
    "30034045": +0.0,
    "30035036": +0.0,
    "30035037": +0.0,
    "30035038": +0.0,
    "30035039": +0.0,
    "30035040": +0.0,
    "30035041": +0.0,
    "30035042": +0.0,
    "30035043": +0.0,
    "30035044": +0.0,
    "30035045": +0.0,
    "30036037": +0.0,
    "30036038": +0.0,
    "30036039": +0.0,
    "30036040": +0.0,
    "30036041": +0.0,
    "30036042": +0.0,
    "30036043": +0.0,
    "30036044": +0.0,
    "30036045": +0.0,
    "30037038": +0.0,
    "30037039": +0.0,
    "30037040": +0.0,
    "30037041": +0.0,
    "30037042": +0.0,
    "30037043": +0.0,
    "30037044": +0.0,
    "30037045": +0.0,
    "30038039": +0.0,
    "30038040": +0.0,
    "30038041": +0.0,
    "30038042": +0.0,
    "30038043": +0.0,
    "30038044": +0.0,
    "30038045": +0.0,
    "30039040": +0.0,
    "30039041": +0.0,
    "30039042": +0.0,
    "30039043": +0.0,
    "30039044": +0.0,
    "30039045": +0.0,
    "30040041": +0.0,
    "30040042": +0.0,
    "30040043": +0.0,
    "30040044": +0.0,
    "30040045": +0.0,
    "30041042": +0.0,
    "30041043": +0.0,
    "30041044": +0.0,
    "30041045": +0.0,
    "30041046": +0.0,
    "30041047": +0.0,
    "30041048": +0.0,
    "30041049": +0.0,
    "30041050": +0.0,
    "30041051": +0.0,
    "30041052": +0.0,
    "30041053": +0.0,
    "30041054": +0.0,
    "30041055": +0.0,
    "30042043": +0.0,
    "30042044": +0.0,
    "30042045": +0.0,
    "30042046": +0.0,
    "30042047": +0.0,
    "30042048": +0.0,
    "30042049": +0.0,
    "30042050": +0.0,
    "30042051": +0.0,
    "30042052": +0.0,
    "30042053": +0.0,
    "30042054": +0.0,
    "30042055": +0.0,
    "30043044": +0.0,
    "30043045": +0.0,
    "30043046": +0.0,
    "30043047": +0.0,
    "30043048": +0.0,
    "30043049": +0.0,
    "30043050": +0.0,
    "30043051": +0.0,
    "30043052": +0.0,
    "30043053": +0.0,
    "30043054": +0.0,
    "30043055": +0.0,
    "30044045": +0.0,
    "30044046": +0.0,
    "30044047": +0.0,
    "30044048": +0.0,
    "30044049": +0.0,
    "30044050": +0.0,
    "30044051": +0.0,
    "30044052": +0.0,
    "30044053": +0.0,
    "30044054": +0.0,
    "30044055": +0.0,
    "30045046": +0.0,
    "30045047": +0.0,
    "30045048": +0.0,
    "30045049": +0.0,
    "30045050": +0.0,
    "30045051": +0.0,
    "30045052": +0.0,
    "30045053": +0.0,
    "30045054": +0.0,
    "30045055": +0.0,
    "30046047": +0.0,
    "30046048": +0.0,
    "30046049": +0.0,
    "30046050": +0.0,
    "30046051": +0.0,
    "30046052": +0.0,
    "30046053": +0.0,
    "30046054": +0.0,
    "30046055": +0.0,
    "30047048": +0.0,
    "30047049": +0.0,
    "30047050": +0.0,
    "30047051": +0.0,
    "30047052": +0.0,
    "30047053": +0.0,
    "30047054": +0.0,
    "30047055": +0.0,
    "30048049": +0.0,
    "30048050": +0.0,
    "30048051": +0.0,
    "30048052": +0.0,
    "30048053": +0.0,
    "30048054": +0.0,
    "30048055": +0.0,
    "30049050": +0.0,
    "30049051": +0.0,
    "30049052": +0.0,
    "30049053": +0.0,
    "30049054": +0.0,
    "30049055": +0.0,
    "30050051": +0.0,
    "30050052": +0.0,
    "30050053": +0.0,
    "30050054": +0.0,
    "30050055": +0.0,
    "30051052": +0.0,
    "30051053": +0.0,
    "30051054": +0.0,
    "30051055": +0.0,
    "30051056": +0.0,
    "30051057": +0.0,
    "30051058": +0.0,
    "30051059": +0.0,
    "30051060": +0.0,
    "30051061": +0.0,
    "30051062": +0.0,
    "30051063": +0.0,
    "30051064": +0.0,
    "30051065": +0.0,
    "30052053": +0.0,
    "30052054": +0.0,
    "30052055": +0.0,
    "30052056": +0.0,
    "30052057": +0.0,
    "30052058": +0.0,
    "30052059": +0.0,
    "30052060": +0.0,
    "30052061": +0.0,
    "30052062": +0.0,
    "30052063": +0.0,
    "30052064": +0.0,
    "30052065": +0.0,
    "30053054": +0.0,
    "30053055": +0.0,
    "30053056": +0.0,
    "30053057": +0.0,
    "30053058": +0.0,
    "30053059": +0.0,
    "30053060": +0.0,
    "30053061": +0.0,
    "30053062": +0.0,
    "30053063": +0.0,
    "30053064": +0.0,
    "30053065": +0.0,
    "30054055": +0.0,
    "30054056": +0.0,
    "30054057": +0.0,
    "30054058": +0.0,
    "30054059": +0.0,
    "30054060": +0.0,
    "30054061": +0.0,
    "30054062": +0.0,
    "30054063": +0.0,
    "30054064": +0.0,
    "30054065": +0.0,
    "30055056": +0.0,
    "30055057": +0.0,
    "30055058": +0.0,
    "30055059": +0.0,
    "30055060": +0.0,
    "30055061": +0.0,
    "30055062": +0.0,
    "30055063": +0.0,
    "30055064": +0.0,
    "30055065": +0.0,
    "30056057": +0.0,
    "30056058": +0.0,
    "30056059": +0.0,
    "30056060": +0.0,
    "30056061": +0.0,
    "30056062": +0.0,
    "30056063": +0.0,
    "30056064": +0.0,
    "30056065": +0.0,
    "30057058": +0.0,
    "30057059": +0.0,
    "30057060": +0.0,
    "30057061": +0.0,
    "30057062": +0.0,
    "30057063": +0.0,
    "30057064": +0.0,
    "30057065": +0.0,
    "30058059": +0.0,
    "30058060": +0.0,
    "30058061": +0.0,
    "30058062": +0.0,
    "30058063": +0.0,
    "30058064": +0.0,
    "30058065": +0.0,
    "30059060": +0.0,
    "30059061": +0.0,
    "30059062": +0.0,
    "30059063": +0.0,
    "30059064": +0.0,
    "30059065": +0.0,
    "30060061": +0.0,
    "30060062": +0.0,
    "30060063": +0.0,
    "30060064": +0.0,
    "30060065": +0.0,
    "30061062": +0.0,
    "30061063": +0.0,
    "30061064": +0.0,
    "30061065": +0.0,
    "30061066": +0.0,
    "30061067": +0.0,
    "30061068": +0.0,
    "30061069": +0.0,
    "30061070": +0.0,
    "30061071": +0.0,
    "30061072": +0.0,
    "30061073": +0.0,
    "30061074": +0.0,
    "30061075": +0.0,
    "30062063": +0.0,
    "30062064": +0.0,
    "30062065": +0.0,
    "30062066": +0.0,
    "30062067": +0.0,
    "30062068": +0.0,
    "30062069": +0.0,
    "30062070": +0.0,
    "30062071": +0.0,
    "30062072": +0.0,
    "30062073": +0.0,
    "30062074": +0.0,
    "30062075": +0.0,
    "30063064": +0.0,
    "30063065": +0.0,
    "30063066": +0.0,
    "30063067": +0.0,
    "30063068": +0.0,
    "30063069": +0.0,
    "30063070": +0.0,
    "30063071": +0.0,
    "30063072": +0.0,
    "30063073": +0.0,
    "30063074": +0.0,
    "30063075": +0.0,
    "30064065": +0.0,
    "30064066": +0.0,
    "30064067": +0.0,
    "30064068": +0.0,
    "30064069": +0.0,
    "30064070": +0.0,
    "30064071": +0.0,
    "30064072": +0.0,
    "30064073": +0.0,
    "30064074": +0.0,
    "30064075": +0.0,
    "30065066": +0.0,
    "30065067": +0.0,
    "30065068": +0.0,
    "30065069": +0.0,
    "30065070": +0.0,
    "30065071": +0.0,
    "30065072": +0.0,
    "30065073": +0.0,
    "30065074": +0.0,
    "30065075": +0.0,
    "30066067": +0.0,
    "30066068": +0.0,
    "30066069": +0.0,
    "30066070": +0.0,
    "30066071": +0.0,
    "30066072": +0.0,
    "30066073": +0.0,
    "30066074": +0.0,
    "30066075": +0.0,
    "30067068": +0.0,
    "30067069": +0.0,
    "30067070": +0.0,
    "30067071": +0.0,
    "30067072": +0.0,
    "30067073": +0.0,
    "30067074": +0.0,
    "30067075": +0.0,
    "30068069": +0.0,
    "30068070": +0.0,
    "30068071": +0.0,
    "30068072": +0.0,
    "30068073": +0.0,
    "30068074": +0.0,
    "30068075": +0.0,
    "30069070": +0.0,
    "30069071": +0.0,
    "30069072": +0.0,
    "30069073": +0.0,
    "30069074": +0.0,
    "30069075": +0.0,
    "30070071": +0.0,
    "30070072": +0.0,
    "30070073": +0.0,
    "30070074": +0.0,
    "30070075": +0.0,
    "30071072": +0.0,
    "30071073": +0.0,
    "30071074": +0.0,
    "30071075": +0.0,
    "30072073": +0.0,
    "30072074": +0.0,
    "30072075": +0.0,
    "30073074": +0.0,
    "30073075": +0.0,
    "30074075": +0.0,
    "40001002": +0.0,
    "40001003": +0.0,
    "40001004": +0.0,
    "40001005": +0.0,
    "40001006": +0.0,
    "40001007": +0.0,
    "40001008": +0.0,
    "40001009": +0.0,
    "40001010": +0.0,
    "40001011": +0.0,
    "40001012": +0.0,
    "40001013": +0.0,
    "40001014": +0.0,
    "40001015": +0.0,
    "40002003": +0.0,
    "40002004": +0.0,
    "40002005": +0.0,
    "40002006": +0.0,
    "40002007": +0.0,
    "40002008": +0.0,
    "40002009": +0.0,
    "40002010": +0.0,
    "40002011": +0.0,
    "40002012": +0.0,
    "40002013": +0.0,
    "40002014": +0.0,
    "40002015": +0.0,
    "40003004": +0.0,
    "40003005": +0.0,
    "40003006": +0.0,
    "40003007": +0.0,
    "40003008": +0.0,
    "40003009": +0.0,
    "40003010": +0.0,
    "40003011": +0.0,
    "40003012": +0.0,
    "40003013": +0.0,
    "40003014": +0.0,
    "40003015": +0.0,
    "40004005": +0.0,
    "40004006": +0.0,
    "40004007": +0.0,
    "40004008": +0.0,
    "40004009": +0.0,
    "40004010": +0.0,
    "40004011": +0.0,
    "40004012": +0.0,
    "40004013": +0.0,
    "40004014": +0.0,
    "40004015": +0.0,
    "40005006": +0.0,
    "40005007": +0.0,
    "40005008": +0.0,
    "40005009": +0.0,
    "40005010": +0.0,
    "40005011": +0.0,
    "40005012": +0.0,
    "40005013": +0.0,
    "40005014": +0.0,
    "40005015": +0.0,
    "40006007": +0.0,
    "40006008": +0.0,
    "40006009": +0.0,
    "40006010": +0.0,
    "40006011": +0.0,
    "40006012": +0.0,
    "40006013": +0.0,
    "40006014": +0.0,
    "40006015": +0.0,
    "40007008": +0.0,
    "40007009": +0.0,
    "40007010": +0.0,
    "40007011": +0.0,
    "40007012": +0.0,
    "40007013": +0.0,
    "40007014": +0.0,
    "40007015": +0.0,
    "40008009": +0.0,
    "40008010": +0.0,
    "40008011": +0.0,
    "40008012": +0.0,
    "40008013": +0.0,
    "40008014": +0.0,
    "40008015": +0.0,
    "40009010": +0.0,
    "40009011": +0.0,
    "40009012": +0.0,
    "40009013": +0.0,
    "40009014": +0.0,
    "40009015": +0.0,
    "40010011": +0.0,
    "40010012": +0.0,
    "40010013": +0.0,
    "40010014": +0.0,
    "40010015": +0.0,
    "40011012": +0.0,
    "40011013": +0.0,
    "40011014": +0.0,
    "40011015": +0.0,
    "40011016": +0.0,
    "40011017": +0.0,
    "40011018": +0.0,
    "40011019": +0.0,
    "40011020": +0.0,
    "40011021": +0.0,
    "40011022": +0.0,
    "40011023": +0.0,
    "40011024": +0.0,
    "40011025": +0.0,
    "40012013": +0.0,
    "40012014": +0.0,
    "40012015": +0.0,
    "40012016": +0.0,
    "40012017": +0.0,
    "40012018": +0.0,
    "40012019": +0.0,
    "40012020": +0.0,
    "40012021": +0.0,
    "40012022": +0.0,
    "40012023": +0.0,
    "40012024": +0.0,
    "40012025": +0.0,
    "40013014": +0.0,
    "40013015": +0.0,
    "40013016": +0.0,
    "40013017": +0.0,
    "40013018": +0.0,
    "40013019": +0.0,
    "40013020": +0.0,
    "40013021": +0.0,
    "40013022": +0.0,
    "40013023": +0.0,
    "40013024": +0.0,
    "40013025": +0.0,
    "40014015": +0.0,
    "40014016": +0.0,
    "40014017": +0.0,
    "40014018": +0.0,
    "40014019": +0.0,
    "40014020": +0.0,
    "40014021": +0.0,
    "40014022": +0.0,
    "40014023": +0.0,
    "40014024": +0.0,
    "40014025": +0.0,
    "40015016": +0.0,
    "40015017": +0.0,
    "40015018": +0.0,
    "40015019": +0.0,
    "40015020": +0.0,
    "40015021": +0.0,
    "40015022": +0.0,
    "40015023": +0.0,
    "40015024": +0.0,
    "40015025": +0.0,
    "40016017": +0.0,
    "40016018": +0.0,
    "40016019": +0.0,
    "40016020": +0.0,
    "40016021": +0.0,
    "40016022": +0.0,
    "40016023": +0.0,
    "40016024": +0.0,
    "40016025": +0.0,
    "40017018": +0.0,
    "40017019": +0.0,
    "40017020": +0.0,
    "40017021": +0.0,
    "40017022": +0.0,
    "40017023": +0.0,
    "40017024": +0.0,
    "40017025": +0.0,
    "40018019": +0.0,
    "40018020": +0.0,
    "40018021": +0.0,
    "40018022": +0.0,
    "40018023": +0.0,
    "40018024": +0.0,
    "40018025": +0.0,
    "40019020": +0.0,
    "40019021": +0.0,
    "40019022": +0.0,
    "40019023": +0.0,
    "40019024": +0.0,
    "40019025": +0.0,
    "40020021": +0.0,
    "40020022": +0.0,
    "40020023": +0.0,
    "40020024": +0.0,
    "40020025": +0.0,
    "40021022": +0.0,
    "40021023": +0.0,
    "40021024": +0.0,
    "40021025": +0.0,
    "40021026": +0.0,
    "40021027": +0.0,
    "40021028": +0.0,
    "40021029": +0.0,
    "40021030": +0.0,
    "40021031": +0.0,
    "40021032": +0.0,
    "40021033": +0.0,
    "40021034": +0.0,
    "40021035": +0.0,
    "40022023": +0.0,
    "40022024": +0.0,
    "40022025": +0.0,
    "40022026": +0.0,
    "40022027": +0.0,
    "40022028": +0.0,
    "40022029": +0.0,
    "40022030": +0.0,
    "40022031": +0.0,
    "40022032": +0.0,
    "40022033": +0.0,
    "40022034": +0.0,
    "40022035": +0.0,
    "40023024": +0.0,
    "40023025": +0.0,
    "40023026": +0.0,
    "40023027": +0.0,
    "40023028": +0.0,
    "40023029": +0.0,
    "40023030": +0.0,
    "40023031": +0.0,
    "40023032": +0.0,
    "40023033": +0.0,
    "40023034": +0.0,
    "40023035": +0.0,
    "40024025": +0.0,
    "40024026": +0.0,
    "40024027": +0.0,
    "40024028": +0.0,
    "40024029": +0.0,
    "40024030": +0.0,
    "40024031": +0.0,
    "40024032": +0.0,
    "40024033": +0.0,
    "40024034": +0.0,
    "40024035": +0.0,
    "40025026": +0.0,
    "40025027": +0.0,
    "40025028": +0.0,
    "40025029": +0.0,
    "40025030": +0.0,
    "40025031": +0.0,
    "40025032": +0.0,
    "40025033": +0.0,
    "40025034": +0.0,
    "40025035": +0.0,
    "40026027": +0.0,
    "40026028": +0.0,
    "40026029": +0.0,
    "40026030": +0.0,
    "40026031": +0.0,
    "40026032": +0.0,
    "40026033": +0.0,
    "40026034": +0.0,
    "40026035": +0.0,
    "40027028": +0.0,
    "40027029": +0.0,
    "40027030": +0.0,
    "40027031": +0.0,
    "40027032": +0.0,
    "40027033": +0.0,
    "40027034": +0.0,
    "40027035": +0.0,
    "40028029": +0.0,
    "40028030": +0.0,
    "40028031": +0.0,
    "40028032": +0.0,
    "40028033": +0.0,
    "40028034": +0.0,
    "40028035": +0.0,
    "40029030": +0.0,
    "40029031": +0.0,
    "40029032": +0.0,
    "40029033": +0.0,
    "40029034": +0.0,
    "40029035": +0.0,
    "40030031": +0.0,
    "40030032": +0.0,
    "40030033": +0.0,
    "40030034": +0.0,
    "40030035": +0.0,
    "40031032": +0.0,
    "40031033": +0.0,
    "40031034": +0.0,
    "40031035": +0.0,
    "40031036": +0.0,
    "40031037": +0.0,
    "40031038": +0.0,
    "40031039": +0.0,
    "40031040": +0.0,
    "40031041": +0.0,
    "40031042": +0.0,
    "40031043": +0.0,
    "40031044": +0.0,
    "40031045": +0.0,
    "40032033": +0.0,
    "40032034": +0.0,
    "40032035": +0.0,
    "40032036": +0.0,
    "40032037": +0.0,
    "40032038": +0.0,
    "40032039": +0.0,
    "40032040": +0.0,
    "40032041": +0.0,
    "40032042": +0.0,
    "40032043": +0.0,
    "40032044": +0.0,
    "40032045": +0.0,
    "40033034": +0.0,
    "40033035": +0.0,
    "40033036": +0.0,
    "40033037": +0.0,
    "40033038": +0.0,
    "40033039": +0.0,
    "40033040": +0.0,
    "40033041": +0.0,
    "40033042": +0.0,
    "40033043": +0.0,
    "40033044": +0.0,
    "40033045": +0.0,
    "40034035": +0.0,
    "40034036": +0.0,
    "40034037": +0.0,
    "40034038": +0.0,
    "40034039": +0.0,
    "40034040": +0.0,
    "40034041": +0.0,
    "40034042": +0.0,
    "40034043": +0.0,
    "40034044": +0.0,
    "40034045": +0.0,
    "40035036": +0.0,
    "40035037": +0.0,
    "40035038": +0.0,
    "40035039": +0.0,
    "40035040": +0.0,
    "40035041": +0.0,
    "40035042": +0.0,
    "40035043": +0.0,
    "40035044": +0.0,
    "40035045": +0.0,
    "40036037": +0.0,
    "40036038": +0.0,
    "40036039": +0.0,
    "40036040": +0.0,
    "40036041": +0.0,
    "40036042": +0.0,
    "40036043": +0.0,
    "40036044": +0.0,
    "40036045": +0.0,
    "40037038": +0.0,
    "40037039": +0.0,
    "40037040": +0.0,
    "40037041": +0.0,
    "40037042": +0.0,
    "40037043": +0.0,
    "40037044": +0.0,
    "40037045": +0.0,
    "40038039": +0.0,
    "40038040": +0.0,
    "40038041": +0.0,
    "40038042": +0.0,
    "40038043": +0.0,
    "40038044": +0.0,
    "40038045": +0.0,
    "40039040": +0.0,
    "40039041": +0.0,
    "40039042": +0.0,
    "40039043": +0.0,
    "40039044": +0.0,
    "40039045": +0.0,
    "40040041": +0.0,
    "40040042": +0.0,
    "40040043": +0.0,
    "40040044": +0.0,
    "40040045": +0.0,
    "40041042": +0.0,
    "40041043": +0.0,
    "40041044": +0.0,
    "40041045": +0.0,
    "40041046": +0.0,
    "40041047": +0.0,
    "40041048": +0.0,
    "40041049": +0.0,
    "40041050": +0.0,
    "40041051": +0.0,
    "40041052": +0.0,
    "40041053": +0.0,
    "40041054": +0.0,
    "40041055": +0.0,
    "40042043": +0.0,
    "40042044": +0.0,
    "40042045": +0.0,
    "40042046": +0.0,
    "40042047": +0.0,
    "40042048": +0.0,
    "40042049": +0.0,
    "40042050": +0.0,
    "40042051": +0.0,
    "40042052": +0.0,
    "40042053": +0.0,
    "40042054": +0.0,
    "40042055": +0.0,
    "40043044": +0.0,
    "40043045": +0.0,
    "40043046": +0.0,
    "40043047": +0.0,
    "40043048": +0.0,
    "40043049": +0.0,
    "40043050": +0.0,
    "40043051": +0.0,
    "40043052": +0.0,
    "40043053": +0.0,
    "40043054": +0.0,
    "40043055": +0.0,
    "40044045": +0.0,
    "40044046": +0.0,
    "40044047": +0.0,
    "40044048": +0.0,
    "40044049": +0.0,
    "40044050": +0.0,
    "40044051": +0.0,
    "40044052": +0.0,
    "40044053": +0.0,
    "40044054": +0.0,
    "40044055": +0.0,
    "40045046": +0.0,
    "40045047": +0.0,
    "40045048": +0.0,
    "40045049": +0.0,
    "40045050": +0.0,
    "40045051": +0.0,
    "40045052": +0.0,
    "40045053": +0.0,
    "40045054": +0.0,
    "40045055": +0.0,
    "40046047": +0.0,
    "40046048": +0.0,
    "40046049": +0.0,
    "40046050": +0.0,
    "40046051": +0.0,
    "40046052": +0.0,
    "40046053": +0.0,
    "40046054": +0.0,
    "40046055": +0.0,
    "40047048": +0.0,
    "40047049": +0.0,
    "40047050": +0.0,
    "40047051": +0.0,
    "40047052": +0.0,
    "40047053": +0.0,
    "40047054": +0.0,
    "40047055": +0.0,
    "40048049": +0.0,
    "40048050": +0.0,
    "40048051": +0.0,
    "40048052": +0.0,
    "40048053": +0.0,
    "40048054": +0.0,
    "40048055": +0.0,
    "40049050": +0.0,
    "40049051": +0.0,
    "40049052": +0.0,
    "40049053": +0.0,
    "40049054": +0.0,
    "40049055": +0.0,
    "40050051": +0.0,
    "40050052": +0.0,
    "40050053": +0.0,
    "40050054": +0.0,
    "40050055": +0.0,
    "40051052": +0.0,
    "40051053": +0.0,
    "40051054": +0.0,
    "40051055": +0.0,
    "40051056": +0.0,
    "40051057": +0.0,
    "40051058": +0.0,
    "40051059": +0.0,
    "40051060": +0.0,
    "40051061": +0.0,
    "40051062": +0.0,
    "40051063": +0.0,
    "40051064": +0.0,
    "40051065": +0.0,
    "40052053": +0.0,
    "40052054": +0.0,
    "40052055": +0.0,
    "40052056": +0.0,
    "40052057": +0.0,
    "40052058": +0.0,
    "40052059": +0.0,
    "40052060": +0.0,
    "40052061": +0.0,
    "40052062": +0.0,
    "40052063": +0.0,
    "40052064": +0.0,
    "40052065": +0.0,
    "40053054": +0.0,
    "40053055": +0.0,
    "40053056": +0.0,
    "40053057": +0.0,
    "40053058": +0.0,
    "40053059": +0.0,
    "40053060": +0.0,
    "40053061": +0.0,
    "40053062": +0.0,
    "40053063": +0.0,
    "40053064": +0.0,
    "40053065": +0.0,
    "40054055": +0.0,
    "40054056": +0.0,
    "40054057": +0.0,
    "40054058": +0.0,
    "40054059": +0.0,
    "40054060": +0.0,
    "40054061": +0.0,
    "40054062": +0.0,
    "40054063": +0.0,
    "40054064": +0.0,
    "40054065": +0.0,
    "40055056": +0.0,
    "40055057": +0.0,
    "40055058": +0.0,
    "40055059": +0.0,
    "40055060": +0.0,
    "40055061": +0.0,
    "40055062": +0.0,
    "40055063": +0.0,
    "40055064": +0.0,
    "40055065": +0.0,
    "40056057": +0.0,
    "40056058": +0.0,
    "40056059": +0.0,
    "40056060": +0.0,
    "40056061": +0.0,
    "40056062": +0.0,
    "40056063": +0.0,
    "40056064": +0.0,
    "40056065": +0.0,
    "40057058": +0.0,
    "40057059": +0.0,
    "40057060": +0.0,
    "40057061": +0.0,
    "40057062": +0.0,
    "40057063": +0.0,
    "40057064": +0.0,
    "40057065": +0.0,
    "40058059": +0.0,
    "40058060": +0.0,
    "40058061": +0.0,
    "40058062": +0.0,
    "40058063": +0.0,
    "40058064": +0.0,
    "40058065": +0.0,
    "40059060": +0.0,
    "40059061": +0.0,
    "40059062": +0.0,
    "40059063": +0.0,
    "40059064": +0.0,
    "40059065": +0.0,
    "40060061": +0.0,
    "40060062": +0.0,
    "40060063": +0.0,
    "40060064": +0.0,
    "40060065": +0.0,
    "40061062": +0.0,
    "40061063": +0.0,
    "40061064": +0.0,
    "40061065": +0.0,
    "40061066": +0.0,
    "40061067": +0.0,
    "40061068": +0.0,
    "40061069": +0.0,
    "40061070": +0.0,
    "40061071": +0.0,
    "40061072": +0.0,
    "40061073": +0.0,
    "40061074": +0.0,
    "40061075": +0.0,
    "40062063": +0.0,
    "40062064": +0.0,
    "40062065": +0.0,
    "40062066": +0.0,
    "40062067": +0.0,
    "40062068": +0.0,
    "40062069": +0.0,
    "40062070": +0.0,
    "40062071": +0.0,
    "40062072": +0.0,
    "40062073": +0.0,
    "40062074": +0.0,
    "40062075": +0.0,
    "40063064": +0.0,
    "40063065": +0.0,
    "40063066": +0.0,
    "40063067": +0.0,
    "40063068": +0.0,
    "40063069": +0.0,
    "40063070": +0.0,
    "40063071": +0.0,
    "40063072": +0.0,
    "40063073": +0.0,
    "40063074": +0.0,
    "40063075": +0.0,
    "40064065": +0.0,
    "40064066": +0.0,
    "40064067": +0.0,
    "40064068": +0.0,
    "40064069": +0.0,
    "40064070": +0.0,
    "40064071": +0.0,
    "40064072": +0.0,
    "40064073": +0.0,
    "40064074": +0.0,
    "40064075": +0.0,
    "40065066": +0.0,
    "40065067": +0.0,
    "40065068": +0.0,
    "40065069": +0.0,
    "40065070": +0.0,
    "40065071": +0.0,
    "40065072": +0.0,
    "40065073": +0.0,
    "40065074": +0.0,
    "40065075": +0.0,
    "40066067": +0.0,
    "40066068": +0.0,
    "40066069": +0.0,
    "40066070": +0.0,
    "40066071": +0.0,
    "40066072": +0.0,
    "40066073": +0.0,
    "40066074": +0.0,
    "40066075": +0.0,
    "40067068": +0.0,
    "40067069": +0.0,
    "40067070": +0.0,
    "40067071": +0.0,
    "40067072": +0.0,
    "40067073": +0.0,
    "40067074": +0.0,
    "40067075": +0.0,
    "40068069": +0.0,
    "40068070": +0.0,
    "40068071": +0.0,
    "40068072": +0.0,
    "40068073": +0.0,
    "40068074": +0.0,
    "40068075": +0.0,
    "40069070": +0.0,
    "40069071": +0.0,
    "40069072": +0.0,
    "40069073": +0.0,
    "40069074": +0.0,
    "40069075": +0.0,
    "40070071": +0.0,
    "40070072": +0.0,
    "40070073": +0.0,
    "40070074": +0.0,
    "40070075": +0.0,
    "40071072": +0.0,
    "40071073": +0.0,
    "40071074": +0.0,
    "40071075": +0.0,
    "40072073": +0.0,
    "40072074": +0.0,
    "40072075": +0.0,
    "40073074": +0.0,
    "40073075": +0.0,
    "40074075": +0.0,
  }),
})
