Expected optimal value: 129831.46246
Solution({
  optimal value: +6198.00000,
  solution: Map({
    "FIC.....": +0.0,
    "FIP.....": +0.0,
    "FOC.....": +0.0,
    "FPC.....": +0.0,
    "FRP.....": +0.0,
    "FSC.....": +0.0,
    "INV.G1T.": +1300.00000,
    "INV.G1TA": +300.00000,
    "INV.G1TB": +300.00000,
    "INV.G1TC": +300.00000,
    "INV.G1TD": +300.00000,
    "INV.G1TE": +300.00000,
    "INV.G1TF": +300.00000,
    "INV.G1TG": +300.00000,
    "INV.G1TH": +300.00000,
    "INV.G2T.": +600.00000,
    "INV.G2TA": +100.00000,
    "INV.G2TB": +100.00000,
    "INV.G2TC": +100.00000,
    "INV.G2TD": +100.00000,
    "INV.G2TE": +100.00000,
    "INV.G2TF": +100.00000,
    "INV.G2TG": +100.00000,
    "INV.G2TH": +100.00000,
    "INV.G3T.": +110.00000,
    "INV.G3TA": +100.00000,
    "INV.G3TB": +100.00000,
    "INV.G3TC": +100.00000,
    "INV.G3TD": +100.00000,
    "INV.G3TE": +100.00000,
    "INV.G3TF": +100.00000,
    "INV.G3TG": +100.00000,
    "INV.G3TH": +100.00000,
    "INV.G4T.": +900.00000,
    "INV.G4TA": +100.00000,
    "INV.G4TB": +100.00000,
    "INV.G4TC": +100.00000,
    "INV.G4TD": +100.00000,
    "INV.G4TE": +100.00000,
    "INV.G4TF": +100.00000,
    "INV.G4TG": +100.00000,
    "INV.G4TH": +100.00000,
    "INVAG1TA": -300.00000,
    "INVAG1TB": -300.00000,
    "INVAG1TC": -300.00000,
    "INVAG1TD": -300.00000,
    "INVAG1TE": -300.00000,
    "INVAG1TF": -300.00000,
    "INVAG1TG": -300.00000,
    "INVAG1TH": -300.00000,
    "INVAG2TA": -100.00000,
    "INVAG2TB": -100.00000,
    "INVAG2TC": -100.00000,
    "INVAG2TD": -100.00000,
    "INVAG2TE": -100.00000,
    "INVAG2TF": -100.00000,
    "INVAG2TG": -100.00000,
    "INVAG2TH": -100.00000,
    "INVAG3TA": -100.00000,
    "INVAG3TB": -100.00000,
    "INVAG3TC": -100.00000,
    "INVAG3TD": -100.00000,
    "INVAG3TE": -100.00000,
    "INVAG3TF": -100.00000,
    "INVAG3TG": -100.00000,
    "INVAG3TH": -100.00000,
    "INVAG4TA": -100.00000,
    "INVAG4TB": -100.00000,
    "INVAG4TC": -100.00000,
    "INVAG4TD": -100.00000,
    "INVAG4TE": -100.00000,
    "INVAG4TF": -100.00000,
    "INVAG4TG": -100.00000,
    "INVAG4TH": -100.00000,
    "KL..TCL1": +0.0,
    "KL..TDL1": +0.0,
    "KL..TEL1": +0.0,
    "KL..TFL1": +0.0,
    "KL..TGL1": +1.00000,
    "KYP1..TA": +0.0,
    "KYP1..TB": +0.0,
    "KYP1..TC": +0.0,
    "KYP1..TD": +1.00000,
    "KYP1..TE": +0.0,
    "KYP1..TF": +0.0,
    "KYP1..TG": +0.0,
    "KYP1..TH": +0.0,
    "KYP2..TA": +0.0,
    "KYP2..TB": +1.00000,
    "KYP2..TC": +0.0,
    "KYP2..TD": +0.0,
    "KYP2..TE": +0.0,
    "KYP2..TF": +1.00000,
    "KYP2..TG": +0.0,
    "KYP2..TH": +0.0,
    "KYP3..TA": +1.00000,
    "KYP3..TB": +0.0,
    "KYP3..TC": +0.0,
    "KYP3..TD": +0.0,
    "KYP3..TE": +1.00000,
    "KYP3..TF": +0.0,
    "KYP3..TG": +1.00000,
    "KYP3..TH": +0.0,
    "KYP4..TA": +0.0,
    "KYP4..TB": +0.0,
    "KYP4..TC": +1.00000,
    "KYP4..TD": +0.0,
    "KYP4..TE": +0.0,
    "KYP4..TF": +0.0,
    "KYP4..TG": +0.0,
    "KYP4..TH": +0.0,
    "KYP5..TA": +0.0,
    "KYP5..TB": +0.0,
    "KYP5..TC": +0.0,
    "KYP5..TD": +0.0,
    "KYP5..TE": +0.0,
    "KYP5..TF": +0.0,
    "KYP5..TG": +0.0,
    "KYP5..TH": +1.00000,
    "P.P1..TB": +0.0,
    "P.P1..TC": +0.0,
    "P.P1..TD": +0.0,
    "P.P1..TE": +0.0,
    "P.P1..TF": +0.0,
    "P.P1..TG": +0.0,
    "P.P1..TH": +0.0,
    "P.P2..TB": +0.0,
    "P.P2..TC": +0.0,
    "P.P2..TD": +0.0,
    "P.P2..TE": +0.0,
    "P.P2..TF": +0.0,
    "P.P2..TG": +0.0,
    "P.P2..TH": +0.0,
    "P.P3..TB": +0.0,
    "P.P3..TC": +0.0,
    "P.P3..TD": +0.0,
    "P.P3..TE": +0.0,
    "P.P3..TF": +0.0,
    "P.P3..TG": +0.0,
    "P.P3..TH": +0.0,
    "P.P4..TB": +0.0,
    "P.P4..TC": +0.0,
    "P.P4..TD": +0.0,
    "P.P4..TE": +0.0,
    "P.P4..TF": +0.0,
    "P.P4..TG": +0.0,
    "P.P4..TH": +0.0,
    "P.P5..TB": +0.0,
    "P.P5..TC": +0.0,
    "P.P5..TD": +0.0,
    "P.P5..TE": +0.0,
    "P.P5..TF": +0.0,
    "P.P5..TG": +0.0,
    "P.P5..TH": +0.0,
    "TIME..T.": +0.0,
    "TIME..TA": +0.0,
    "TIME..TB": +0.0,
    "TIME..TC": +0.0,
    "TIME..TD": +0.0,
    "TIME..TE": +0.0,
    "TIME..TF": +0.0,
    "TIME..TG": +0.0,
    "TIME..TH": +180.00000,
    "YTP1..TA": +0.0,
    "YTP1..TB": +0.0,
    "YTP1..TC": +0.0,
    "YTP1..TD": +0.0,
    "YTP1..TE": +0.0,
    "YTP1..TF": +0.0,
    "YTP1..TG": +0.0,
    "YTP1..TH": +0.0,
    "YTP2..TA": +0.0,
    "YTP2..TB": +0.0,
    "YTP2..TC": +0.0,
    "YTP2..TD": +0.0,
    "YTP2..TE": +0.0,
    "YTP2..TF": +0.0,
    "YTP2..TG": +0.0,
    "YTP2..TH": +0.0,
    "YTP3..TA": +0.0,
    "YTP3..TB": +0.0,
    "YTP3..TC": +0.0,
    "YTP3..TD": +0.0,
    "YTP3..TE": +0.0,
    "YTP3..TF": +0.0,
    "YTP3..TG": +0.0,
    "YTP3..TH": +0.0,
    "YTP4..TA": +0.0,
    "YTP4..TB": +0.0,
    "YTP4..TC": +0.0,
    "YTP4..TD": +0.0,
    "YTP4..TE": +0.0,
    "YTP4..TF": +0.0,
    "YTP4..TG": +0.0,
    "YTP4..TH": +0.0,
    "YTP5..TA": +0.0,
    "YTP5..TB": +0.0,
    "YTP5..TC": +0.0,
    "YTP5..TD": +0.0,
    "YTP5..TE": +0.0,
    "YTP5..TF": +0.0,
    "YTP5..TG": +0.0,
    "YTP5..TH": +0.0,
  }),
})
