Solution({ optimal value: +23.00000, solution: Map({ "x": +2.00000, "y": +3.00000 }) })
