Solution({ optimal value: +42.00000, solution: Map({ "x": +7.33333, "y": -5.00000 }) })
