+22.00000, { x: -3.00000, y: +5.00000, z: -5.00000 }
